12-30 20:10:38.986 I/GetBgAppsNumService( 1939): intent is : Intent { act=com.android.GET_BG_APPS_NUM pkg=com.vivo.securedaemonservice } ; mResourcePkg is : null ; mIncludeWhite is : false
12-30 20:10:38.986 I/GetBgAppsNumService( 1939): getBgRunningApps()[begin]
12-30 20:10:38.986 I/SpeedUpDataUtils( 1939): srcPkgName is : null ; includeWhiteList is : false
12-30 20:10:38.996 I/CusWid/GirlUIController( 1523): onUpdateRamPercent percent is : 55
12-30 20:10:38.996 I/CusWid/GirlUIController( 1523): updateRamPercent,id 8
12-30 20:10:38.996 D/SpeedUpDataUtils( 1939):  pkgName is : com.bbk.launcher2 ; proName is : com.bbk.launcher2 ; appType is : 1
12-30 20:10:38.996 I/SpeedUpDataUtils( 1939): get Running launcher is : com.bbk.launcher2 ; process name is : com.bbk.launcher2
12-30 20:10:38.996 I/SpeedUpDataUtils( 1939): get underSpliteScreenMode is : false
12-30 20:10:39.006 D/SpeedUpDataUtils( 1939):  pkgName is : com.iflytek.inputmethod ; proName is : com.iflytek.inputmethod ; appType is : 2
12-30 20:10:39.006 I/SpeedUpDataUtils( 1939): default input method service pkgName :  com.iflytek.inputmethod/.FlyIME ; inputMethodPkgName string is : com.iflytek.inputmethod
12-30 20:10:39.016 D/SecureProvider( 1523): caller uid: 1000 context: com.iqoo.secure.AppFeature@25bb003e
12-30 20:10:39.026 I/SpeedUpDataUtils( 1939):  put running task pkg name is : com.android.dialer
12-30 20:10:39.026 I/SpeedUpDataUtils( 1939):  put running task pkg name is : com.android.incallui
12-30 20:10:39.026 I/SpeedUpDataUtils( 1939):  put running task pkg name is : com.android.mms
12-30 20:10:39.026 I/SpeedUpDataUtils( 1939):  put running task pkg name is : com.tencent.mm
12-30 20:10:39.036 I/SpeedUpDataUtils( 1939): add running service package name is : com.vivo.browser ; service name is : com.vivo.browser.ui.module.safe.BrowserSecureService
12-30 20:10:39.056 I/SpeedUpDataUtils( 1939): add running service package name is : com.bbk.cloud ; service name is : com.bbk.cloud.service.BackgroundBackUpService
12-30 20:10:39.156 I/SpeedUpDataUtils( 1939):  add pkg name is : com.tencent.mm, mIsVisible is : true, mTotalRunningAppsNumber is : 1
12-30 20:10:39.156 I/SpeedUpDataUtils( 1939):  add pkg name is : com.android.mms, mIsVisible is : true, mTotalRunningAppsNumber is : 2
12-30 20:10:39.156 I/SpeedUpDataUtils( 1939):  add pkg name is : com.android.incallui, mIsVisible is : true, mTotalRunningAppsNumber is : 3
12-30 20:10:39.156 I/SpeedUpDataUtils( 1939):  add pkg name is : com.android.dialer, mIsVisible is : true, mTotalRunningAppsNumber is : 4
12-30 20:10:39.156 I/SpeedUpDataUtils( 1939):  add pkg name is : com.bbk.calendar, mIsVisible is : false, mTotalRunningAppsNumber is : 4
12-30 20:10:39.156 I/SpeedUpDataUtils( 1939):  add pkg name is : com.android.providers.calendar, mIsVisible is : false, mTotalRunningAppsNumber is : 4
12-30 20:10:39.156 I/SpeedUpDataUtils( 1939):  add pkg name is : com.bbk.appstore, mIsVisible is : false, mTotalRunningAppsNumber is : 4
12-30 20:10:39.166 W/ContextImpl( 1939): Calling a method in the system process without a qualified user: android.app.ContextImpl.sendBroadcast:1365 android.content.ContextWrapper.sendBroadcast:377 com.vivo.securedaemonservice.d.handleMessage:61 android.os.Handler.dispatchMessage:102 android.os.Looper.loop:135 
12-30 20:10:39.166 I/SpeedUpDataUtils( 1939):  add pkg name is : com.vivo.browser, mIsVisible is : true, mTotalRunningAppsNumber is : 5
12-30 20:10:39.166 I/SpeedUpDataUtils( 1939):  add pkg name is : com.vivo.cameraparamluma, mIsVisible is : false, mTotalRunningAppsNumber is : 5
12-30 20:10:39.166 I/SpeedUpDataUtils( 1939):  add pkg name is : com.android.notes, mIsVisible is : false, mTotalRunningAppsNumber is : 5
12-30 20:10:39.166 I/SpeedUpDataUtils( 1939):  add pkg name is : com.qualcomm.timeservice, mIsVisible is : false, mTotalRunningAppsNumber is : 5
12-30 20:10:39.166 I/SpeedUpDataUtils( 1939):  add pkg name is : com.vivo.weather.provider, mIsVisible is : false, mTotalRunningAppsNumber is : 5
12-30 20:10:39.166 I/SpeedUpDataUtils( 1939):  add pkg name is : com.android.BBKCrontab, mIsVisible is : false, mTotalRunningAppsNumber is : 5
12-30 20:10:39.166 I/SpeedUpDataUtils( 1939):  add pkg name is : com.bbk.cloud, mIsVisible is : true, mTotalRunningAppsNumber is : 6
12-30 20:10:39.166 I/SpeedUpDataUtils( 1939):  add pkg name is : com.volte.config, mIsVisible is : false, mTotalRunningAppsNumber is : 6
12-30 20:10:39.166 I/SpeedUpDataUtils( 1939):  add pkg name is : com.qualcomm.svi, mIsVisible is : false, mTotalRunningAppsNumber is : 6
12-30 20:10:39.166 I/SpeedUpDataUtils( 1939):  add pkg name is : com.qualcomm.cabl, mIsVisible is : false, mTotalRunningAppsNumber is : 6
12-30 20:10:39.166 I/SpeedUpDataUtils( 1939):  add pkg name is : com.iflytek.speechsuite, mIsVisible is : false, mTotalRunningAppsNumber is : 6
12-30 20:10:39.166 I/SpeedUpDataUtils( 1939):  add pkg name is : com.android.settings, mIsVisible is : false, mTotalRunningAppsNumber is : 6
12-30 20:10:39.166 I/SpeedUpDataUtils( 1939):  add pkg name is : com.android.providers.settings, mIsVisible is : false, mTotalRunningAppsNumber is : 6
12-30 20:10:39.166 I/SpeedUpDataUtils( 1939):  add pkg name is : com.dsi.ant.server, mIsVisible is : false, mTotalRunningAppsNumber is : 6
12-30 20:10:39.166 D/GetBgAppsNumService( 1939): get bg apps number done sendBroadcastComplete !!!
12-30 20:10:39.176 D/GetBgAppsNumService( 1939): GetBgAppsNumService.onDestroy 
12-30 20:10:39.176 I/art     (  894): Background sticky concurrent mark sweep GC freed 100223(4MB) AllocSpace objects, 37(1165KB) LOS objects, 18% free, 24MB/29MB, paused 4.130ms total 102.795ms
12-30 20:10:41.436 D/DataUsageService( 1523): NetSpeed  isMobileConnected BytesDelta: 0
12-30 20:10:42.766 E/GpsXtraDownloader(  894): No XTRA servers were specified in the GPS configuration
12-30 20:10:44.436 D/DataUsageService( 1523): NetSpeed  isMobileConnected BytesDelta: 0
12-30 20:10:44.986 I/CusWid/GirlUIController( 1523): ----------- message update loop -------------
12-30 20:10:44.986 I/CusWid/GirlUIController( 1523): *****************onLoop*****************
12-30 20:10:44.986 I/CusWid/ManagerWidget( 1523): requstScoreValues..from where: 4001
12-30 20:10:44.986 I/CusWid/ManagerWidget( 1523): getRunningAppNumber..
12-30 20:10:44.996 D/GetBgAppsNumService( 1939): GetBgAppsNumService.onCreate()
12-30 20:10:44.996 I/CusWid/ManagerWidget( 1523): init ram memory values
12-30 20:10:44.996 I/CusWid/GirlUIController( 1523): onUpdateRamPercent percent is : 55
12-30 20:10:44.996 I/CusWid/GirlUIController( 1523): updateRamPercent,id 8
12-30 20:10:44.996 D/GetBgAppsNumService( 1939): GetBgAppsNumService.onStartCommand 
12-30 20:10:44.996 I/GetBgAppsNumService( 1939): intent is : Intent { act=com.android.GET_BG_APPS_NUM pkg=com.vivo.securedaemonservice } ; mResourcePkg is : null ; mIncludeWhite is : false
12-30 20:10:44.996 I/GetBgAppsNumService( 1939): getBgRunningApps()[begin]
12-30 20:10:44.996 I/SpeedUpDataUtils( 1939): srcPkgName is : null ; includeWhiteList is : false
12-30 20:10:45.006 D/SpeedUpDataUtils( 1939):  pkgName is : com.bbk.launcher2 ; proName is : com.bbk.launcher2 ; appType is : 1
12-30 20:10:45.006 I/SpeedUpDataUtils( 1939): get Running launcher is : com.bbk.launcher2 ; process name is : com.bbk.launcher2
12-30 20:10:45.006 I/SpeedUpDataUtils( 1939): get underSpliteScreenMode is : false
12-30 20:10:45.016 D/SpeedUpDataUtils( 1939):  pkgName is : com.iflytek.inputmethod ; proName is : com.iflytek.inputmethod ; appType is : 2
12-30 20:10:45.016 I/SpeedUpDataUtils( 1939): default input method service pkgName :  com.iflytek.inputmethod/.FlyIME ; inputMethodPkgName string is : com.iflytek.inputmethod
12-30 20:10:45.016 D/SecureProvider( 1523): caller uid: 1000 context: com.iqoo.secure.AppFeature@25bb003e
12-30 20:10:45.026 I/SpeedUpDataUtils( 1939):  put running task pkg name is : com.android.dialer
12-30 20:10:45.026 I/SpeedUpDataUtils( 1939):  put running task pkg name is : com.android.incallui
12-30 20:10:45.026 I/SpeedUpDataUtils( 1939):  put running task pkg name is : com.android.mms
12-30 20:10:45.026 I/SpeedUpDataUtils( 1939):  put running task pkg name is : com.tencent.mm
12-30 20:10:45.036 I/SpeedUpDataUtils( 1939): add running service package name is : com.vivo.browser ; service name is : com.vivo.browser.ui.module.safe.BrowserSecureService
12-30 20:10:45.056 I/SpeedUpDataUtils( 1939): add running service package name is : com.bbk.cloud ; service name is : com.bbk.cloud.service.BackgroundBackUpService
12-30 20:10:45.086 I/SpeedUpDataUtils( 1939):  add pkg name is : com.tencent.mm, mIsVisible is : true, mTotalRunningAppsNumber is : 1
12-30 20:10:45.086 I/SpeedUpDataUtils( 1939):  add pkg name is : com.android.mms, mIsVisible is : true, mTotalRunningAppsNumber is : 2
12-30 20:10:45.086 I/SpeedUpDataUtils( 1939):  add pkg name is : com.android.incallui, mIsVisible is : true, mTotalRunningAppsNumber is : 3
12-30 20:10:45.086 I/SpeedUpDataUtils( 1939):  add pkg name is : com.android.dialer, mIsVisible is : true, mTotalRunningAppsNumber is : 4
12-30 20:10:45.086 I/SpeedUpDataUtils( 1939):  add pkg name is : com.bbk.calendar, mIsVisible is : false, mTotalRunningAppsNumber is : 4
12-30 20:10:45.086 I/SpeedUpDataUtils( 1939):  add pkg name is : com.android.providers.calendar, mIsVisible is : false, mTotalRunningAppsNumber is : 4
12-30 20:10:45.086 I/SpeedUpDataUtils( 1939):  add pkg name is : com.bbk.appstore, mIsVisible is : false, mTotalRunningAppsNumber is : 4
12-30 20:10:45.086 I/SpeedUpDataUtils( 1939):  add pkg name is : com.vivo.browser, mIsVisible is : true, mTotalRunningAppsNumber is : 5
12-30 20:10:45.086 I/SpeedUpDataUtils( 1939):  add pkg name is : com.vivo.cameraparamluma, mIsVisible is : false, mTotalRunningAppsNumber is : 5
12-30 20:10:45.086 I/SpeedUpDataUtils( 1939):  add pkg name is : com.android.notes, mIsVisible is : false, mTotalRunningAppsNumber is : 5
12-30 20:10:45.086 I/SpeedUpDataUtils( 1939):  add pkg name is : com.qualcomm.timeservice, mIsVisible is : false, mTotalRunningAppsNumber is : 5
12-30 20:10:45.086 I/SpeedUpDataUtils( 1939):  add pkg name is : com.vivo.weather.provider, mIsVisible is : false, mTotalRunningAppsNumber is : 5
12-30 20:10:45.086 I/SpeedUpDataUtils( 1939):  add pkg name is : com.android.BBKCrontab, mIsVisible is : false, mTotalRunningAppsNumber is : 5
12-30 20:10:45.086 I/SpeedUpDataUtils( 1939):  add pkg name is : com.bbk.cloud, mIsVisible is : true, mTotalRunningAppsNumber is : 6
12-30 20:10:45.086 I/SpeedUpDataUtils( 1939):  add pkg name is : com.volte.config, mIsVisible is : false, mTotalRunningAppsNumber is : 6
12-30 20:10:45.086 I/SpeedUpDataUtils( 1939):  add pkg name is : com.qualcomm.svi, mIsVisible is : false, mTotalRunningAppsNumber is : 6
12-30 20:10:45.086 I/SpeedUpDataUtils( 1939):  add pkg name is : com.qualcomm.cabl, mIsVisible is : false, mTotalRunningAppsNumber is : 6
12-30 20:10:45.096 W/ContextImpl( 1939): Calling a method in the system process without a qualified user: android.app.ContextImpl.sendBroadcast:1365 android.content.ContextWrapper.sendBroadcast:377 com.vivo.securedaemonservice.d.handleMessage:61 android.os.Handler.dispatchMessage:102 android.os.Looper.loop:135 
12-30 20:10:45.096 I/SpeedUpDataUtils( 1939):  add pkg name is : com.iflytek.speechsuite, mIsVisible is : false, mTotalRunningAppsNumber is : 6
12-30 20:10:45.096 I/SpeedUpDataUtils( 1939):  add pkg name is : com.android.settings, mIsVisible is : false, mTotalRunningAppsNumber is : 6
12-30 20:10:45.096 I/SpeedUpDataUtils( 1939):  add pkg name is : com.android.providers.settings, mIsVisible is : false, mTotalRunningAppsNumber is : 6
12-30 20:10:45.096 I/SpeedUpDataUtils( 1939):  add pkg name is : com.dsi.ant.server, mIsVisible is : false, mTotalRunningAppsNumber is : 6
12-30 20:10:45.096 D/GetBgAppsNumService( 1939): get bg apps number done sendBroadcastComplete !!!
12-30 20:10:45.096 D/GetBgAppsNumService( 1939): GetBgAppsNumService.onDestroy 
12-30 20:10:47.446 D/DataUsageService( 1523): NetSpeed  isMobileConnected BytesDelta: 0
12-30 20:10:50.446 D/DataUsageService( 1523): NetSpeed  isMobileConnected BytesDelta: 0
12-30 20:10:50.996 I/CusWid/GirlUIController( 1523): ----------- message update loop -------------
12-30 20:10:50.996 I/CusWid/GirlUIController( 1523): *****************onLoop*****************
12-30 20:10:50.996 I/CusWid/ManagerWidget( 1523): requstScoreValues..from where: 4001
12-30 20:10:50.996 I/CusWid/ManagerWidget( 1523): getRunningAppNumber..
12-30 20:10:51.006 I/CusWid/ManagerWidget( 1523): init ram memory values
12-30 20:10:51.006 D/GetBgAppsNumService( 1939): GetBgAppsNumService.onCreate()
12-30 20:10:51.006 D/GetBgAppsNumService( 1939): GetBgAppsNumService.onStartCommand 
12-30 20:10:51.006 I/GetBgAppsNumService( 1939): intent is : Intent { act=com.android.GET_BG_APPS_NUM pkg=com.vivo.securedaemonservice } ; mResourcePkg is : null ; mIncludeWhite is : false
12-30 20:10:51.006 I/GetBgAppsNumService( 1939): getBgRunningApps()[begin]
12-30 20:10:51.006 I/SpeedUpDataUtils( 1939): srcPkgName is : null ; includeWhiteList is : false
12-30 20:10:51.006 I/CusWid/GirlUIController( 1523): onUpdateRamPercent percent is : 55
12-30 20:10:51.016 I/CusWid/GirlUIController( 1523): updateRamPercent,id 8
12-30 20:10:51.016 D/SpeedUpDataUtils( 1939):  pkgName is : com.bbk.launcher2 ; proName is : com.bbk.launcher2 ; appType is : 1
12-30 20:10:51.026 I/SpeedUpDataUtils( 1939): get Running launcher is : com.bbk.launcher2 ; process name is : com.bbk.launcher2
12-30 20:10:51.026 I/SpeedUpDataUtils( 1939): get underSpliteScreenMode is : false
12-30 20:10:51.026 D/SpeedUpDataUtils( 1939):  pkgName is : com.iflytek.inputmethod ; proName is : com.iflytek.inputmethod ; appType is : 2
12-30 20:10:51.036 I/SpeedUpDataUtils( 1939): default input method service pkgName :  com.iflytek.inputmethod/.FlyIME ; inputMethodPkgName string is : com.iflytek.inputmethod
12-30 20:10:51.046 D/SecureProvider( 1523): caller uid: 1000 context: com.iqoo.secure.AppFeature@25bb003e
12-30 20:10:51.056 I/SpeedUpDataUtils( 1939):  put running task pkg name is : com.android.dialer
12-30 20:10:51.056 I/SpeedUpDataUtils( 1939):  put running task pkg name is : com.android.incallui
12-30 20:10:51.056 I/SpeedUpDataUtils( 1939):  put running task pkg name is : com.android.mms
12-30 20:10:51.056 I/SpeedUpDataUtils( 1939):  put running task pkg name is : com.tencent.mm
12-30 20:10:51.056 I/SpeedUpDataUtils( 1939): add running service package name is : com.vivo.browser ; service name is : com.vivo.browser.ui.module.safe.BrowserSecureService
12-30 20:10:51.076 I/SpeedUpDataUtils( 1939): add running service package name is : com.bbk.cloud ; service name is : com.bbk.cloud.service.BackgroundBackUpService
12-30 20:10:51.116 I/SpeedUpDataUtils( 1939):  add pkg name is : com.tencent.mm, mIsVisible is : true, mTotalRunningAppsNumber is : 1
12-30 20:10:51.116 I/SpeedUpDataUtils( 1939):  add pkg name is : com.android.mms, mIsVisible is : true, mTotalRunningAppsNumber is : 2
12-30 20:10:51.116 I/SpeedUpDataUtils( 1939):  add pkg name is : com.android.incallui, mIsVisible is : true, mTotalRunningAppsNumber is : 3
12-30 20:10:51.116 I/SpeedUpDataUtils( 1939):  add pkg name is : com.android.dialer, mIsVisible is : true, mTotalRunningAppsNumber is : 4
12-30 20:10:51.116 I/SpeedUpDataUtils( 1939):  add pkg name is : com.bbk.calendar, mIsVisible is : false, mTotalRunningAppsNumber is : 4
12-30 20:10:51.116 I/SpeedUpDataUtils( 1939):  add pkg name is : com.android.providers.calendar, mIsVisible is : false, mTotalRunningAppsNumber is : 4
12-30 20:10:51.116 I/SpeedUpDataUtils( 1939):  add pkg name is : com.bbk.appstore, mIsVisible is : false, mTotalRunningAppsNumber is : 4
12-30 20:10:51.116 I/SpeedUpDataUtils( 1939):  add pkg name is : com.vivo.browser, mIsVisible is : true, mTotalRunningAppsNumber is : 5
12-30 20:10:51.116 I/SpeedUpDataUtils( 1939):  add pkg name is : com.vivo.cameraparamluma, mIsVisible is : false, mTotalRunningAppsNumber is : 5
12-30 20:10:51.116 I/SpeedUpDataUtils( 1939):  add pkg name is : com.android.notes, mIsVisible is : false, mTotalRunningAppsNumber is : 5
12-30 20:10:51.116 I/SpeedUpDataUtils( 1939):  add pkg name is : com.qualcomm.timeservice, mIsVisible is : false, mTotalRunningAppsNumber is : 5
12-30 20:10:51.116 I/SpeedUpDataUtils( 1939):  add pkg name is : com.vivo.weather.provider, mIsVisible is : false, mTotalRunningAppsNumber is : 5
12-30 20:10:51.116 I/SpeedUpDataUtils( 1939):  add pkg name is : com.android.BBKCrontab, mIsVisible is : false, mTotalRunningAppsNumber is : 5
12-30 20:10:51.116 I/SpeedUpDataUtils( 1939):  add pkg name is : com.bbk.cloud, mIsVisible is : true, mTotalRunningAppsNumber is : 6
12-30 20:10:51.116 I/SpeedUpDataUtils( 1939):  add pkg name is : com.volte.config, mIsVisible is : false, mTotalRunningAppsNumber is : 6
12-30 20:10:51.116 I/SpeedUpDataUtils( 1939):  add pkg name is : com.qualcomm.svi, mIsVisible is : false, mTotalRunningAppsNumber is : 6
12-30 20:10:51.116 I/SpeedUpDataUtils( 1939):  add pkg name is : com.qualcomm.cabl, mIsVisible is : false, mTotalRunningAppsNumber is : 6
12-30 20:10:51.116 I/SpeedUpDataUtils( 1939):  add pkg name is : com.iflytek.speechsuite, mIsVisible is : false, mTotalRunningAppsNumber is : 6
12-30 20:10:51.116 I/SpeedUpDataUtils( 1939):  add pkg name is : com.android.settings, mIsVisible is : false, mTotalRunningAppsNumber is : 6
12-30 20:10:51.116 I/SpeedUpDataUtils( 1939):  add pkg name is : com.android.providers.settings, mIsVisible is : false, mTotalRunningAppsNumber is : 6
12-30 20:10:51.116 I/SpeedUpDataUtils( 1939):  add pkg name is : com.dsi.ant.server, mIsVisible is : false, mTotalRunningAppsNumber is : 6
12-30 20:10:51.126 W/ContextImpl( 1939): Calling a method in the system process without a qualified user: android.app.ContextImpl.sendBroadcast:1365 android.content.ContextWrapper.sendBroadcast:377 com.vivo.securedaemonservice.d.handleMessage:61 android.os.Handler.dispatchMessage:102 android.os.Looper.loop:135 
12-30 20:10:51.126 D/GetBgAppsNumService( 1939): get bg apps number done sendBroadcastComplete !!!
12-30 20:10:51.126 D/GetBgAppsNumService( 1939): GetBgAppsNumService.onDestroy 
12-30 20:10:53.456 D/DataUsageService( 1523): NetSpeed  isMobileConnected BytesDelta: 0
12-30 20:10:56.456 D/DataUsageService( 1523): NetSpeed  isMobileConnected BytesDelta: 0
12-30 20:10:57.006 I/CusWid/GirlUIController( 1523): ----------- message update loop -------------
12-30 20:10:57.006 I/CusWid/GirlUIController( 1523): *****************onLoop*****************
12-30 20:10:57.006 I/CusWid/ManagerWidget( 1523): requstScoreValues..from where: 4001
12-30 20:10:57.006 I/CusWid/ManagerWidget( 1523): getRunningAppNumber..
12-30 20:10:57.016 I/CusWid/ManagerWidget( 1523): init ram memory values
12-30 20:10:57.016 D/GetBgAppsNumService( 1939): GetBgAppsNumService.onCreate()
12-30 20:10:57.016 I/CusWid/GirlUIController( 1523): onUpdateRamPercent percent is : 55
12-30 20:10:57.016 I/CusWid/GirlUIController( 1523): updateRamPercent,id 8
12-30 20:10:57.016 D/GetBgAppsNumService( 1939): GetBgAppsNumService.onStartCommand 
12-30 20:10:57.016 I/GetBgAppsNumService( 1939): intent is : Intent { act=com.android.GET_BG_APPS_NUM pkg=com.vivo.securedaemonservice } ; mResourcePkg is : null ; mIncludeWhite is : false
12-30 20:10:57.016 I/GetBgAppsNumService( 1939): getBgRunningApps()[begin]
12-30 20:10:57.016 I/SpeedUpDataUtils( 1939): srcPkgName is : null ; includeWhiteList is : false
12-30 20:10:57.026 D/SpeedUpDataUtils( 1939):  pkgName is : com.bbk.launcher2 ; proName is : com.bbk.launcher2 ; appType is : 1
12-30 20:10:57.036 I/SpeedUpDataUtils( 1939): get Running launcher is : com.bbk.launcher2 ; process name is : com.bbk.launcher2
12-30 20:10:57.036 I/SpeedUpDataUtils( 1939): get underSpliteScreenMode is : false
12-30 20:10:57.046 D/SpeedUpDataUtils( 1939):  pkgName is : com.iflytek.inputmethod ; proName is : com.iflytek.inputmethod ; appType is : 2
12-30 20:10:57.046 I/SpeedUpDataUtils( 1939): default input method service pkgName :  com.iflytek.inputmethod/.FlyIME ; inputMethodPkgName string is : com.iflytek.inputmethod
12-30 20:10:57.066 D/SecureProvider( 1523): caller uid: 1000 context: com.iqoo.secure.AppFeature@25bb003e
12-30 20:10:57.076 I/SpeedUpDataUtils( 1939):  put running task pkg name is : com.android.dialer
12-30 20:10:57.076 I/SpeedUpDataUtils( 1939):  put running task pkg name is : com.android.incallui
12-30 20:10:57.076 I/SpeedUpDataUtils( 1939):  put running task pkg name is : com.android.mms
12-30 20:10:57.076 I/SpeedUpDataUtils( 1939):  put running task pkg name is : com.tencent.mm
12-30 20:10:57.086 I/SpeedUpDataUtils( 1939): add running service package name is : com.vivo.browser ; service name is : com.vivo.browser.ui.module.safe.BrowserSecureService
12-30 20:10:57.106 I/SpeedUpDataUtils( 1939): add running service package name is : com.bbk.cloud ; service name is : com.bbk.cloud.service.BackgroundBackUpService
12-30 20:10:57.156 I/SpeedUpDataUtils( 1939):  add pkg name is : com.tencent.mm, mIsVisible is : true, mTotalRunningAppsNumber is : 1
12-30 20:10:57.156 I/SpeedUpDataUtils( 1939):  add pkg name is : com.android.mms, mIsVisible is : true, mTotalRunningAppsNumber is : 2
12-30 20:10:57.156 I/SpeedUpDataUtils( 1939):  add pkg name is : com.android.incallui, mIsVisible is : true, mTotalRunningAppsNumber is : 3
12-30 20:10:57.156 I/SpeedUpDataUtils( 1939):  add pkg name is : com.android.dialer, mIsVisible is : true, mTotalRunningAppsNumber is : 4
12-30 20:10:57.156 I/SpeedUpDataUtils( 1939):  add pkg name is : com.bbk.calendar, mIsVisible is : false, mTotalRunningAppsNumber is : 4
12-30 20:10:57.156 I/SpeedUpDataUtils( 1939):  add pkg name is : com.android.providers.calendar, mIsVisible is : false, mTotalRunningAppsNumber is : 4
12-30 20:10:57.156 I/SpeedUpDataUtils( 1939):  add pkg name is : com.bbk.appstore, mIsVisible is : false, mTotalRunningAppsNumber is : 4
12-30 20:10:57.156 I/SpeedUpDataUtils( 1939):  add pkg name is : com.vivo.browser, mIsVisible is : true, mTotalRunningAppsNumber is : 5
12-30 20:10:57.156 I/SpeedUpDataUtils( 1939):  add pkg name is : com.vivo.cameraparamluma, mIsVisible is : false, mTotalRunningAppsNumber is : 5
12-30 20:10:57.156 I/SpeedUpDataUtils( 1939):  add pkg name is : com.android.notes, mIsVisible is : false, mTotalRunningAppsNumber is : 5
12-30 20:10:57.156 I/SpeedUpDataUtils( 1939):  add pkg name is : com.qualcomm.timeservice, mIsVisible is : false, mTotalRunningAppsNumber is : 5
12-30 20:10:57.156 I/SpeedUpDataUtils( 1939):  add pkg name is : com.vivo.weather.provider, mIsVisible is : false, mTotalRunningAppsNumber is : 5
12-30 20:10:57.156 I/SpeedUpDataUtils( 1939):  add pkg name is : com.android.BBKCrontab, mIsVisible is : false, mTotalRunningAppsNumber is : 5
12-30 20:10:57.156 I/Atfwd_Sendcmd(28220): AtCmdFwd service not ready - Exhausted retry attempts - :6
12-30 20:10:57.156 I/Atfwd_Daemon(28220): result : -1 	 ,Init step :2 	 ,qmiErrorCode: 0
12-30 20:10:57.156 I/SpeedUpDataUtils( 1939):  add pkg name is : com.bbk.cloud, mIsVisible is : true, mTotalRunningAppsNumber is : 6
12-30 20:10:57.156 I/SpeedUpDataUtils( 1939):  add pkg name is : com.volte.config, mIsVisible is : false, mTotalRunningAppsNumber is : 6
12-30 20:10:57.156 I/SpeedUpDataUtils( 1939):  add pkg name is : com.qualcomm.svi, mIsVisible is : false, mTotalRunningAppsNumber is : 6
12-30 20:10:57.156 I/SpeedUpDataUtils( 1939):  add pkg name is : com.qualcomm.cabl, mIsVisible is : false, mTotalRunningAppsNumber is : 6
12-30 20:10:57.156 I/SpeedUpDataUtils( 1939):  add pkg name is : com.iflytek.speechsuite, mIsVisible is : false, mTotalRunningAppsNumber is : 6
12-30 20:10:57.166 W/ContextImpl( 1939): Calling a method in the system process without a qualified user: android.app.ContextImpl.sendBroadcast:1365 android.content.ContextWrapper.sendBroadcast:377 com.vivo.securedaemonservice.d.handleMessage:61 android.os.Handler.dispatchMessage:102 android.os.Looper.loop:135 
12-30 20:10:57.166 I/SpeedUpDataUtils( 1939):  add pkg name is : com.android.settings, mIsVisible is : false, mTotalRunningAppsNumber is : 6
12-30 20:10:57.166 I/SpeedUpDataUtils( 1939):  add pkg name is : com.android.providers.settings, mIsVisible is : false, mTotalRunningAppsNumber is : 6
12-30 20:10:57.166 I/SpeedUpDataUtils( 1939):  add pkg name is : com.dsi.ant.server, mIsVisible is : false, mTotalRunningAppsNumber is : 6
12-30 20:10:57.166 D/GetBgAppsNumService( 1939): get bg apps number done sendBroadcastComplete !!!
12-30 20:10:57.166 D/GetBgAppsNumService( 1939): GetBgAppsNumService.onDestroy 
12-30 20:10:59.456 D/DataUsageService( 1523): NetSpeed  isMobileConnected BytesDelta: 0
12-30 20:11:02.456 D/DataUsageService( 1523): NetSpeed  isMobileConnected BytesDelta: 0
12-30 20:11:02.896 D/ProcessTrace( 1541): mPassTime = 562615, mPassUpTimeMs = 120354, mDownloadRate = 1638734
12-30 20:11:03.016 I/CusWid/GirlUIController( 1523): ----------- message update loop -------------
12-30 20:11:03.016 I/CusWid/GirlUIController( 1523): *****************onLoop*****************
12-30 20:11:03.016 I/CusWid/ManagerWidget( 1523): requstScoreValues..from where: 4001
12-30 20:11:03.016 I/CusWid/ManagerWidget( 1523): getRunningAppNumber..
12-30 20:11:03.016 I/CusWid/ManagerWidget( 1523): init ram memory values
12-30 20:11:03.016 D/GetBgAppsNumService( 1939): GetBgAppsNumService.onCreate()
12-30 20:11:03.016 I/CusWid/GirlUIController( 1523): onUpdateRamPercent percent is : 55
12-30 20:11:03.016 I/CusWid/GirlUIController( 1523): updateRamPercent,id 8
12-30 20:11:03.016 D/GetBgAppsNumService( 1939): GetBgAppsNumService.onStartCommand 
12-30 20:11:03.016 I/GetBgAppsNumService( 1939): intent is : Intent { act=com.android.GET_BG_APPS_NUM pkg=com.vivo.securedaemonservice } ; mResourcePkg is : null ; mIncludeWhite is : false
12-30 20:11:03.016 I/GetBgAppsNumService( 1939): getBgRunningApps()[begin]
12-30 20:11:03.016 I/SpeedUpDataUtils( 1939): srcPkgName is : null ; includeWhiteList is : false
12-30 20:11:03.026 D/SpeedUpDataUtils( 1939):  pkgName is : com.bbk.launcher2 ; proName is : com.bbk.launcher2 ; appType is : 1
12-30 20:11:03.026 I/SpeedUpDataUtils( 1939): get Running launcher is : com.bbk.launcher2 ; process name is : com.bbk.launcher2
12-30 20:11:03.026 I/SpeedUpDataUtils( 1939): get underSpliteScreenMode is : false
12-30 20:11:03.036 D/SpeedUpDataUtils( 1939):  pkgName is : com.iflytek.inputmethod ; proName is : com.iflytek.inputmethod ; appType is : 2
12-30 20:11:03.036 I/SpeedUpDataUtils( 1939): default input method service pkgName :  com.iflytek.inputmethod/.FlyIME ; inputMethodPkgName string is : com.iflytek.inputmethod
12-30 20:11:03.046 D/SecureProvider( 1523): caller uid: 1000 context: com.iqoo.secure.AppFeature@25bb003e
12-30 20:11:03.046 I/SpeedUpDataUtils( 1939):  put running task pkg name is : com.android.dialer
12-30 20:11:03.046 I/SpeedUpDataUtils( 1939):  put running task pkg name is : com.android.incallui
12-30 20:11:03.046 I/SpeedUpDataUtils( 1939):  put running task pkg name is : com.android.mms
12-30 20:11:03.046 I/SpeedUpDataUtils( 1939):  put running task pkg name is : com.tencent.mm
12-30 20:11:03.056 I/SpeedUpDataUtils( 1939): add running service package name is : com.vivo.browser ; service name is : com.vivo.browser.ui.module.safe.BrowserSecureService
12-30 20:11:03.076 I/SpeedUpDataUtils( 1939): add running service package name is : com.bbk.cloud ; service name is : com.bbk.cloud.service.BackgroundBackUpService
12-30 20:11:03.106 W/ContextImpl( 1939): Calling a method in the system process without a qualified user: android.app.ContextImpl.sendBroadcast:1365 android.content.ContextWrapper.sendBroadcast:377 com.vivo.securedaemonservice.d.handleMessage:61 android.os.Handler.dispatchMessage:102 android.os.Looper.loop:135 
12-30 20:11:03.106 I/SpeedUpDataUtils( 1939):  add pkg name is : com.tencent.mm, mIsVisible is : true, mTotalRunningAppsNumber is : 1
12-30 20:11:03.106 I/SpeedUpDataUtils( 1939):  add pkg name is : com.android.mms, mIsVisible is : true, mTotalRunningAppsNumber is : 2
12-30 20:11:03.106 I/SpeedUpDataUtils( 1939):  add pkg name is : com.android.incallui, mIsVisible is : true, mTotalRunningAppsNumber is : 3
12-30 20:11:03.106 I/SpeedUpDataUtils( 1939):  add pkg name is : com.android.dialer, mIsVisible is : true, mTotalRunningAppsNumber is : 4
12-30 20:11:03.106 I/SpeedUpDataUtils( 1939):  add pkg name is : com.bbk.calendar, mIsVisible is : false, mTotalRunningAppsNumber is : 4
12-30 20:11:03.106 I/SpeedUpDataUtils( 1939):  add pkg name is : com.android.providers.calendar, mIsVisible is : false, mTotalRunningAppsNumber is : 4
12-30 20:11:03.106 I/SpeedUpDataUtils( 1939):  add pkg name is : com.bbk.appstore, mIsVisible is : false, mTotalRunningAppsNumber is : 4
12-30 20:11:03.106 I/SpeedUpDataUtils( 1939):  add pkg name is : com.vivo.browser, mIsVisible is : true, mTotalRunningAppsNumber is : 5
12-30 20:11:03.106 I/SpeedUpDataUtils( 1939):  add pkg name is : com.vivo.cameraparamluma, mIsVisible is : false, mTotalRunningAppsNumber is : 5
12-30 20:11:03.106 I/SpeedUpDataUtils( 1939):  add pkg name is : com.android.notes, mIsVisible is : false, mTotalRunningAppsNumber is : 5
12-30 20:11:03.106 I/SpeedUpDataUtils( 1939):  add pkg name is : com.qualcomm.timeservice, mIsVisible is : false, mTotalRunningAppsNumber is : 5
12-30 20:11:03.106 I/SpeedUpDataUtils( 1939):  add pkg name is : com.vivo.weather.provider, mIsVisible is : false, mTotalRunningAppsNumber is : 5
12-30 20:11:03.106 I/SpeedUpDataUtils( 1939):  add pkg name is : com.android.BBKCrontab, mIsVisible is : false, mTotalRunningAppsNumber is : 5
12-30 20:11:03.106 I/SpeedUpDataUtils( 1939):  add pkg name is : com.bbk.cloud, mIsVisible is : true, mTotalRunningAppsNumber is : 6
12-30 20:11:03.106 I/SpeedUpDataUtils( 1939):  add pkg name is : com.volte.config, mIsVisible is : false, mTotalRunningAppsNumber is : 6
12-30 20:11:03.106 I/SpeedUpDataUtils( 1939):  add pkg name is : com.qualcomm.svi, mIsVisible is : false, mTotalRunningAppsNumber is : 6
12-30 20:11:03.106 I/SpeedUpDataUtils( 1939):  add pkg name is : com.qualcomm.cabl, mIsVisible is : false, mTotalRunningAppsNumber is : 6
12-30 20:11:03.106 I/SpeedUpDataUtils( 1939):  add pkg name is : com.iflytek.speechsuite, mIsVisible is : false, mTotalRunningAppsNumber is : 6
12-30 20:11:03.106 I/SpeedUpDataUtils( 1939):  add pkg name is : com.android.settings, mIsVisible is : false, mTotalRunningAppsNumber is : 6
12-30 20:11:03.106 I/SpeedUpDataUtils( 1939):  add pkg name is : com.android.providers.settings, mIsVisible is : false, mTotalRunningAppsNumber is : 6
12-30 20:11:03.106 I/SpeedUpDataUtils( 1939):  add pkg name is : com.dsi.ant.server, mIsVisible is : false, mTotalRunningAppsNumber is : 6
12-30 20:11:03.116 D/GetBgAppsNumService( 1939): get bg apps number done sendBroadcastComplete !!!
12-30 20:11:03.116 D/GetBgAppsNumService( 1939): GetBgAppsNumService.onDestroy 
12-30 20:11:05.466 D/DataUsageService( 1523): NetSpeed  isMobileConnected BytesDelta: 0
12-30 20:11:08.466 D/DataUsageService( 1523): NetSpeed  isMobileConnected BytesDelta: 0
12-30 20:11:09.026 I/CusWid/GirlUIController( 1523): ----------- message update loop -------------
12-30 20:11:09.026 I/CusWid/GirlUIController( 1523): *****************onLoop*****************
12-30 20:11:09.026 I/CusWid/ManagerWidget( 1523): requstScoreValues..from where: 4001
12-30 20:11:09.026 I/CusWid/ManagerWidget( 1523): getRunningAppNumber..
12-30 20:11:09.036 D/GetBgAppsNumService( 1939): GetBgAppsNumService.onCreate()
12-30 20:11:09.036 I/CusWid/ManagerWidget( 1523): init ram memory values
12-30 20:11:09.036 D/GetBgAppsNumService( 1939): GetBgAppsNumService.onStartCommand 
12-30 20:11:09.036 I/GetBgAppsNumService( 1939): intent is : Intent { act=com.android.GET_BG_APPS_NUM pkg=com.vivo.securedaemonservice } ; mResourcePkg is : null ; mIncludeWhite is : false
12-30 20:11:09.036 I/GetBgAppsNumService( 1939): getBgRunningApps()[begin]
12-30 20:11:09.036 I/SpeedUpDataUtils( 1939): srcPkgName is : null ; includeWhiteList is : false
12-30 20:11:09.046 I/CusWid/GirlUIController( 1523): onUpdateRamPercent percent is : 55
12-30 20:11:09.046 I/CusWid/GirlUIController( 1523): updateRamPercent,id 8
12-30 20:11:09.046 D/SpeedUpDataUtils( 1939):  pkgName is : com.bbk.launcher2 ; proName is : com.bbk.launcher2 ; appType is : 1
12-30 20:11:09.046 I/SpeedUpDataUtils( 1939): get Running launcher is : com.bbk.launcher2 ; process name is : com.bbk.launcher2
12-30 20:11:09.046 I/SpeedUpDataUtils( 1939): get underSpliteScreenMode is : false
12-30 20:11:09.056 D/SpeedUpDataUtils( 1939):  pkgName is : com.iflytek.inputmethod ; proName is : com.iflytek.inputmethod ; appType is : 2
12-30 20:11:09.056 I/SpeedUpDataUtils( 1939): default input method service pkgName :  com.iflytek.inputmethod/.FlyIME ; inputMethodPkgName string is : com.iflytek.inputmethod
12-30 20:11:09.066 D/SecureProvider( 1523): caller uid: 1000 context: com.iqoo.secure.AppFeature@25bb003e
12-30 20:11:09.076 I/SpeedUpDataUtils( 1939):  put running task pkg name is : com.android.dialer
12-30 20:11:09.076 I/SpeedUpDataUtils( 1939):  put running task pkg name is : com.android.incallui
12-30 20:11:09.076 I/SpeedUpDataUtils( 1939):  put running task pkg name is : com.android.mms
12-30 20:11:09.076 I/SpeedUpDataUtils( 1939):  put running task pkg name is : com.tencent.mm
12-30 20:11:09.086 I/SpeedUpDataUtils( 1939): add running service package name is : com.vivo.browser ; service name is : com.vivo.browser.ui.module.safe.BrowserSecureService
12-30 20:11:09.106 I/SpeedUpDataUtils( 1939): add running service package name is : com.bbk.cloud ; service name is : com.bbk.cloud.service.BackgroundBackUpService
12-30 20:11:09.146 I/SpeedUpDataUtils( 1939):  add pkg name is : com.tencent.mm, mIsVisible is : true, mTotalRunningAppsNumber is : 1
12-30 20:11:09.146 I/SpeedUpDataUtils( 1939):  add pkg name is : com.android.mms, mIsVisible is : true, mTotalRunningAppsNumber is : 2
12-30 20:11:09.146 I/SpeedUpDataUtils( 1939):  add pkg name is : com.android.incallui, mIsVisible is : true, mTotalRunningAppsNumber is : 3
12-30 20:11:09.146 I/SpeedUpDataUtils( 1939):  add pkg name is : com.android.dialer, mIsVisible is : true, mTotalRunningAppsNumber is : 4
12-30 20:11:09.146 I/SpeedUpDataUtils( 1939):  add pkg name is : com.bbk.calendar, mIsVisible is : false, mTotalRunningAppsNumber is : 4
12-30 20:11:09.146 I/SpeedUpDataUtils( 1939):  add pkg name is : com.android.providers.calendar, mIsVisible is : false, mTotalRunningAppsNumber is : 4
12-30 20:11:09.146 I/SpeedUpDataUtils( 1939):  add pkg name is : com.bbk.appstore, mIsVisible is : false, mTotalRunningAppsNumber is : 4
12-30 20:11:09.146 I/SpeedUpDataUtils( 1939):  add pkg name is : com.vivo.browser, mIsVisible is : true, mTotalRunningAppsNumber is : 5
12-30 20:11:09.146 I/SpeedUpDataUtils( 1939):  add pkg name is : com.vivo.cameraparamluma, mIsVisible is : false, mTotalRunningAppsNumber is : 5
12-30 20:11:09.146 I/SpeedUpDataUtils( 1939):  add pkg name is : com.android.notes, mIsVisible is : false, mTotalRunningAppsNumber is : 5
12-30 20:11:09.146 I/SpeedUpDataUtils( 1939):  add pkg name is : com.qualcomm.timeservice, mIsVisible is : false, mTotalRunningAppsNumber is : 5
12-30 20:11:09.146 I/SpeedUpDataUtils( 1939):  add pkg name is : com.vivo.weather.provider, mIsVisible is : false, mTotalRunningAppsNumber is : 5
12-30 20:11:09.146 I/SpeedUpDataUtils( 1939):  add pkg name is : com.android.BBKCrontab, mIsVisible is : false, mTotalRunningAppsNumber is : 5
12-30 20:11:09.146 I/SpeedUpDataUtils( 1939):  add pkg name is : com.bbk.cloud, mIsVisible is : true, mTotalRunningAppsNumber is : 6
12-30 20:11:09.146 I/SpeedUpDataUtils( 1939):  add pkg name is : com.volte.config, mIsVisible is : false, mTotalRunningAppsNumber is : 6
12-30 20:11:09.146 I/SpeedUpDataUtils( 1939):  add pkg name is : com.qualcomm.svi, mIsVisible is : false, mTotalRunningAppsNumber is : 6
12-30 20:11:09.156 W/ContextImpl( 1939): Calling a method in the system process without a qualified user: android.app.ContextImpl.sendBroadcast:1365 android.content.ContextWrapper.sendBroadcast:377 com.vivo.securedaemonservice.d.handleMessage:61 android.os.Handler.dispatchMessage:102 android.os.Looper.loop:135 
12-30 20:11:09.156 I/SpeedUpDataUtils( 1939):  add pkg name is : com.qualcomm.cabl, mIsVisible is : false, mTotalRunningAppsNumber is : 6
12-30 20:11:09.156 I/SpeedUpDataUtils( 1939):  add pkg name is : com.iflytek.speechsuite, mIsVisible is : false, mTotalRunningAppsNumber is : 6
12-30 20:11:09.156 I/SpeedUpDataUtils( 1939):  add pkg name is : com.android.settings, mIsVisible is : false, mTotalRunningAppsNumber is : 6
12-30 20:11:09.156 I/SpeedUpDataUtils( 1939):  add pkg name is : com.android.providers.settings, mIsVisible is : false, mTotalRunningAppsNumber is : 6
12-30 20:11:09.156 I/SpeedUpDataUtils( 1939):  add pkg name is : com.dsi.ant.server, mIsVisible is : false, mTotalRunningAppsNumber is : 6
12-30 20:11:09.156 D/GetBgAppsNumService( 1939): get bg apps number done sendBroadcastComplete !!!
12-30 20:11:09.156 D/GetBgAppsNumService( 1939): GetBgAppsNumService.onDestroy 
12-30 20:11:10.486 D/VM_BMS  (  351): wake_lock acquired
12-30 20:11:10.486 D/VM_BMS  (  351): New BMS data - Size=56
12-30 20:11:10.486 D/VM_BMS  (  351): Start process_bms_data
12-30 20:11:10.486 D/VM_BMS  (  351): For batt_temp=294 fcc_mah=2374
12-30 20:11:10.486 D/VM_BMS  (  351): For ocv=3966834 batt_temp=294 soc=66
12-30 20:11:10.486 D/VM_BMS  (  351): fifo_count=5 acc_count=0
12-30 20:11:10.486 D/VM_BMS  (  351): INIT: ocv=3966834 last_ocv=3966834 batt_temp=294 soc=66
12-30 20:11:10.486 D/VM_BMS  (  351): For soc=66 batt_temp=294 slope=7000
12-30 20:11:10.486 D/VM_BMS  (  351): For soc=66 batt_temp=294 rbatt_sf=114
12-30 20:11:10.486 D/VM_BMS  (  351): rbatt_mohm_default=162, rbatt_mohm=184, sf=114 batt_temp=294
12-30 20:11:10.486 D/VM_BMS  (  351): For ocv=3966797 batt_temp=294 soc=66
12-30 20:11:10.486 D/VM_BMS  (  351): FIFO=0 fifo_avg=3.955194 rbatt=0.234000 slope=0.700000 ibatt=0.049666 ocv=3.966798 soc=66 fcc_ah=2.374000 sample_count=128 sample_interval=70 seq_num=1799
12-30 20:11:10.486 D/VM_BMS  (  351): For soc=66 batt_temp=294 slope=7000
12-30 20:11:10.486 D/VM_BMS  (  351): For soc=66 batt_temp=294 rbatt_sf=114
12-30 20:11:10.486 D/VM_BMS  (  351): rbatt_mohm_default=162, rbatt_mohm=184, sf=114 batt_temp=294
12-30 20:11:10.486 D/VM_BMS  (  351): For ocv=3966760 batt_temp=294 soc=66
12-30 20:11:10.486 D/VM_BMS  (  351): FIFO=1 fifo_avg=3.955194 rbatt=0.234000 slope=0.700000 ibatt=0.049508 ocv=3.966761 soc=66 fcc_ah=2.374000 sample_count=128 sample_interval=70 seq_num=1799
12-30 20:11:10.486 D/VM_BMS  (  351): For soc=66 batt_temp=294 slope=7000
12-30 20:11:10.486 D/VM_BMS  (  351): For soc=66 batt_temp=294 rbatt_sf=114
12-30 20:11:10.486 D/VM_BMS  (  351): rbatt_mohm_default=162, rbatt_mohm=184, sf=114 batt_temp=294
12-30 20:11:10.486 D/VM_BMS  (  351): For ocv=3966726 batt_temp=294 soc=66
12-30 20:11:10.486 D/VM_BMS  (  351): FIFO=2 fifo_avg=3.956073 rbatt=0.234000 slope=0.700000 ibatt=0.045599 ocv=3.966727 soc=66 fcc_ah=2.374000 sample_count=128 sample_interval=70 seq_num=1799
12-30 20:11:10.486 D/VM_BMS  (  351): For soc=66 batt_temp=294 slope=7000
12-30 20:11:10.486 D/VM_BMS  (  351): For soc=66 batt_temp=294 rbatt_sf=114
12-30 20:11:10.486 D/VM_BMS  (  351): rbatt_mohm_default=162, rbatt_mohm=184, sf=114 batt_temp=294
12-30 20:11:10.486 D/VM_BMS  (  351): For ocv=3966693 batt_temp=294 soc=66
12-30 20:11:10.486 D/VM_BMS  (  351): FIFO=3 fifo_avg=3.956370 rbatt=0.234000 slope=0.700000 ibatt=0.044187 ocv=3.966694 soc=66 fcc_ah=2.374000 sample_count=128 sample_interval=70 seq_num=1799
12-30 20:11:10.486 D/VM_BMS  (  351): For soc=66 batt_temp=294 slope=7000
12-30 20:11:10.486 D/VM_BMS  (  351): For soc=66 batt_temp=294 rbatt_sf=114
12-30 20:11:10.486 D/VM_BMS  (  351): rbatt_mohm_default=162, rbatt_mohm=184, sf=114 batt_temp=294
12-30 20:11:10.486 D/VM_BMS  (  351): For ocv=3966659 batt_temp=294 soc=66
12-30 20:11:10.486 D/VM_BMS  (  351): FIFO=4 fifo_avg=3.956073 rbatt=0.234000 slope=0.700000 ibatt=0.045313 ocv=3.966660 soc=66 fcc_ah=2.374000 sample_count=128 sample_interval=70 seq_num=1799
12-30 20:11:10.486 I/VM_BMS  (  351): power_supply_update: ocv_uv=3966659 ibatt=45313 soc=66 seq_num=1799
12-30 20:11:10.486 D/VM_BMS  (  351): End process_bms_data
12-30 20:11:10.486 D/VM_BMS  (  351): wake_lock released
12-30 20:11:11.466 D/DataUsageService( 1523): NetSpeed  isMobileConnected BytesDelta: 0
12-30 20:11:14.466 D/DataUsageService( 1523): NetSpeed  isMobileConnected BytesDelta: 0
12-30 20:11:15.036 I/CusWid/GirlUIController( 1523): ----------- message update loop -------------
12-30 20:11:15.036 I/CusWid/GirlUIController( 1523): *****************onLoop*****************
12-30 20:11:15.036 I/CusWid/ManagerWidget( 1523): requstScoreValues..from where: 4001
12-30 20:11:15.036 I/CusWid/ManagerWidget( 1523): getRunningAppNumber..
12-30 20:11:15.046 I/CusWid/ManagerWidget( 1523): init ram memory values
12-30 20:11:15.046 D/GetBgAppsNumService( 1939): GetBgAppsNumService.onCreate()
12-30 20:11:15.046 I/CusWid/GirlUIController( 1523): onUpdateRamPercent percent is : 55
12-30 20:11:15.046 I/CusWid/GirlUIController( 1523): updateRamPercent,id 8
12-30 20:11:15.046 D/GetBgAppsNumService( 1939): GetBgAppsNumService.onStartCommand 
12-30 20:11:15.046 I/GetBgAppsNumService( 1939): intent is : Intent { act=com.android.GET_BG_APPS_NUM pkg=com.vivo.securedaemonservice } ; mResourcePkg is : null ; mIncludeWhite is : false
12-30 20:11:15.056 I/GetBgAppsNumService( 1939): getBgRunningApps()[begin]
12-30 20:11:15.056 I/SpeedUpDataUtils( 1939): srcPkgName is : null ; includeWhiteList is : false
12-30 20:11:15.056 D/SpeedUpDataUtils( 1939):  pkgName is : com.bbk.launcher2 ; proName is : com.bbk.launcher2 ; appType is : 1
12-30 20:11:15.066 I/SpeedUpDataUtils( 1939): get Running launcher is : com.bbk.launcher2 ; process name is : com.bbk.launcher2
12-30 20:11:15.066 I/SpeedUpDataUtils( 1939): get underSpliteScreenMode is : false
12-30 20:11:15.066 D/SpeedUpDataUtils( 1939):  pkgName is : com.iflytek.inputmethod ; proName is : com.iflytek.inputmethod ; appType is : 2
12-30 20:11:15.066 I/SpeedUpDataUtils( 1939): default input method service pkgName :  com.iflytek.inputmethod/.FlyIME ; inputMethodPkgName string is : com.iflytek.inputmethod
12-30 20:11:15.076 D/SecureProvider( 1523): caller uid: 1000 context: com.iqoo.secure.AppFeature@25bb003e
12-30 20:11:15.086 I/SpeedUpDataUtils( 1939):  put running task pkg name is : com.android.dialer
12-30 20:11:15.086 I/SpeedUpDataUtils( 1939):  put running task pkg name is : com.android.incallui
12-30 20:11:15.086 I/SpeedUpDataUtils( 1939):  put running task pkg name is : com.android.mms
12-30 20:11:15.086 I/SpeedUpDataUtils( 1939):  put running task pkg name is : com.tencent.mm
12-30 20:11:15.096 I/SpeedUpDataUtils( 1939): add running service package name is : com.vivo.browser ; service name is : com.vivo.browser.ui.module.safe.BrowserSecureService
12-30 20:11:15.106 I/SpeedUpDataUtils( 1939): add running service package name is : com.bbk.cloud ; service name is : com.bbk.cloud.service.BackgroundBackUpService
12-30 20:11:15.146 W/ContextImpl( 1939): Calling a method in the system process without a qualified user: android.app.ContextImpl.sendBroadcast:1365 android.content.ContextWrapper.sendBroadcast:377 com.vivo.securedaemonservice.d.handleMessage:61 android.os.Handler.dispatchMessage:102 android.os.Looper.loop:135 
12-30 20:11:15.146 I/SpeedUpDataUtils( 1939):  add pkg name is : com.tencent.mm, mIsVisible is : true, mTotalRunningAppsNumber is : 1
12-30 20:11:15.146 I/SpeedUpDataUtils( 1939):  add pkg name is : com.android.mms, mIsVisible is : true, mTotalRunningAppsNumber is : 2
12-30 20:11:15.146 I/SpeedUpDataUtils( 1939):  add pkg name is : com.android.incallui, mIsVisible is : true, mTotalRunningAppsNumber is : 3
12-30 20:11:15.146 I/SpeedUpDataUtils( 1939):  add pkg name is : com.android.dialer, mIsVisible is : true, mTotalRunningAppsNumber is : 4
12-30 20:11:15.146 I/SpeedUpDataUtils( 1939):  add pkg name is : com.bbk.calendar, mIsVisible is : false, mTotalRunningAppsNumber is : 4
12-30 20:11:15.146 I/SpeedUpDataUtils( 1939):  add pkg name is : com.android.providers.calendar, mIsVisible is : false, mTotalRunningAppsNumber is : 4
12-30 20:11:15.146 I/SpeedUpDataUtils( 1939):  add pkg name is : com.bbk.appstore, mIsVisible is : false, mTotalRunningAppsNumber is : 4
12-30 20:11:15.146 I/SpeedUpDataUtils( 1939):  add pkg name is : com.vivo.browser, mIsVisible is : true, mTotalRunningAppsNumber is : 5
12-30 20:11:15.146 I/SpeedUpDataUtils( 1939):  add pkg name is : com.vivo.cameraparamluma, mIsVisible is : false, mTotalRunningAppsNumber is : 5
12-30 20:11:15.146 I/SpeedUpDataUtils( 1939):  add pkg name is : com.android.notes, mIsVisible is : false, mTotalRunningAppsNumber is : 5
12-30 20:11:15.146 I/SpeedUpDataUtils( 1939):  add pkg name is : com.qualcomm.timeservice, mIsVisible is : false, mTotalRunningAppsNumber is : 5
12-30 20:11:15.146 I/SpeedUpDataUtils( 1939):  add pkg name is : com.vivo.weather.provider, mIsVisible is : false, mTotalRunningAppsNumber is : 5
12-30 20:11:15.146 I/SpeedUpDataUtils( 1939):  add pkg name is : com.android.BBKCrontab, mIsVisible is : false, mTotalRunningAppsNumber is : 5
12-30 20:11:15.146 I/SpeedUpDataUtils( 1939):  add pkg name is : com.bbk.cloud, mIsVisible is : true, mTotalRunningAppsNumber is : 6
12-30 20:11:15.146 I/SpeedUpDataUtils( 1939):  add pkg name is : com.volte.config, mIsVisible is : false, mTotalRunningAppsNumber is : 6
12-30 20:11:15.146 I/SpeedUpDataUtils( 1939):  add pkg name is : com.qualcomm.svi, mIsVisible is : false, mTotalRunningAppsNumber is : 6
12-30 20:11:15.146 I/SpeedUpDataUtils( 1939):  add pkg name is : com.qualcomm.cabl, mIsVisible is : false, mTotalRunningAppsNumber is : 6
12-30 20:11:15.146 I/SpeedUpDataUtils( 1939):  add pkg name is : com.iflytek.speechsuite, mIsVisible is : false, mTotalRunningAppsNumber is : 6
12-30 20:11:15.146 I/SpeedUpDataUtils( 1939):  add pkg name is : com.android.settings, mIsVisible is : false, mTotalRunningAppsNumber is : 6
12-30 20:11:15.146 I/SpeedUpDataUtils( 1939):  add pkg name is : com.android.providers.settings, mIsVisible is : false, mTotalRunningAppsNumber is : 6
12-30 20:11:15.146 I/SpeedUpDataUtils( 1939):  add pkg name is : com.dsi.ant.server, mIsVisible is : false, mTotalRunningAppsNumber is : 6
12-30 20:11:15.146 D/GetBgAppsNumService( 1939): get bg apps number done sendBroadcastComplete !!!
12-30 20:11:15.156 D/GetBgAppsNumService( 1939): GetBgAppsNumService.onDestroy 
12-30 20:11:17.166 I/ServiceManager(28220): Waiting for service AtCmdFwd...
12-30 20:11:17.476 D/DataUsageService( 1523): NetSpeed  isMobileConnected BytesDelta: 0
12-30 20:11:18.166 I/ServiceManager(28220): Waiting for service AtCmdFwd...
12-30 20:11:19.166 I/ServiceManager(28220): Waiting for service AtCmdFwd...
12-30 20:11:20.176 I/ServiceManager(28220): Waiting for service AtCmdFwd...
12-30 20:11:20.476 D/DataUsageService( 1523): NetSpeed  isMobileConnected BytesDelta: 0
12-30 20:11:21.046 I/CusWid/GirlUIController( 1523): ----------- message update loop -------------
12-30 20:11:21.046 I/CusWid/GirlUIController( 1523): *****************onLoop*****************
12-30 20:11:21.046 I/CusWid/ManagerWidget( 1523): requstScoreValues..from where: 4001
12-30 20:11:21.046 I/CusWid/ManagerWidget( 1523): getRunningAppNumber..
12-30 20:11:21.056 D/GetBgAppsNumService( 1939): GetBgAppsNumService.onCreate()
12-30 20:11:21.056 I/CusWid/ManagerWidget( 1523): init ram memory values
12-30 20:11:21.056 D/GetBgAppsNumService( 1939): GetBgAppsNumService.onStartCommand 
12-30 20:11:21.056 I/GetBgAppsNumService( 1939): intent is : Intent { act=com.android.GET_BG_APPS_NUM pkg=com.vivo.securedaemonservice } ; mResourcePkg is : null ; mIncludeWhite is : false
12-30 20:11:21.056 I/GetBgAppsNumService( 1939): getBgRunningApps()[begin]
12-30 20:11:21.056 I/CusWid/GirlUIController( 1523): onUpdateRamPercent percent is : 55
12-30 20:11:21.056 I/CusWid/GirlUIController( 1523): updateRamPercent,id 8
12-30 20:11:21.066 I/SpeedUpDataUtils( 1939): srcPkgName is : null ; includeWhiteList is : false
12-30 20:11:21.066 D/SpeedUpDataUtils( 1939):  pkgName is : com.bbk.launcher2 ; proName is : com.bbk.launcher2 ; appType is : 1
12-30 20:11:21.076 I/SpeedUpDataUtils( 1939): get Running launcher is : com.bbk.launcher2 ; process name is : com.bbk.launcher2
12-30 20:11:21.076 I/SpeedUpDataUtils( 1939): get underSpliteScreenMode is : false
12-30 20:11:21.076 D/SpeedUpDataUtils( 1939):  pkgName is : com.iflytek.inputmethod ; proName is : com.iflytek.inputmethod ; appType is : 2
12-30 20:11:21.086 I/SpeedUpDataUtils( 1939): default input method service pkgName :  com.iflytek.inputmethod/.FlyIME ; inputMethodPkgName string is : com.iflytek.inputmethod
12-30 20:11:21.096 D/SecureProvider( 1523): caller uid: 1000 context: com.iqoo.secure.AppFeature@25bb003e
12-30 20:11:21.106 I/SpeedUpDataUtils( 1939):  put running task pkg name is : com.android.dialer
12-30 20:11:21.106 I/SpeedUpDataUtils( 1939):  put running task pkg name is : com.android.incallui
12-30 20:11:21.106 I/SpeedUpDataUtils( 1939):  put running task pkg name is : com.android.mms
12-30 20:11:21.116 I/SpeedUpDataUtils( 1939):  put running task pkg name is : com.tencent.mm
12-30 20:11:21.116 I/SpeedUpDataUtils( 1939): add running service package name is : com.vivo.browser ; service name is : com.vivo.browser.ui.module.safe.BrowserSecureService
12-30 20:11:21.146 I/SpeedUpDataUtils( 1939): add running service package name is : com.bbk.cloud ; service name is : com.bbk.cloud.service.BackgroundBackUpService
12-30 20:11:21.166 I/ServiceManager(28220): Waiting for service AtCmdFwd...
12-30 20:11:21.196 I/SpeedUpDataUtils( 1939):  add pkg name is : com.tencent.mm, mIsVisible is : true, mTotalRunningAppsNumber is : 1
12-30 20:11:21.196 I/SpeedUpDataUtils( 1939):  add pkg name is : com.android.mms, mIsVisible is : true, mTotalRunningAppsNumber is : 2
