
Time: 2018-12-30 20:11:34
Softversion: PD1510_C_4.21.1
Appversion: versionName = 6.7.3 versionCode = 1360
Process: com.tencent.mm:tools
Flags: 0xd83e44
Package: com.tencent.mm v1360 (6.7.3)
Subject: Broadcast of Intent { flg=0x10 cmp=com.tencent.mm/.booter.MMReceivers$ToolsProcessReceiver (has extras) }
Build: vivo/PD1510/PD1510:5.1.1/LMY47V/compiler10231533:user/release-keys


--------- beginning of main
12-30 20:09:52.126 V/AlarmAlign(  894): remove pkg = com.android.phone, action = com.android.internal.telephony.data-stall
12-30 20:09:52.136 I/SIMAndNetworkHelper( 1412): SystemUI|isSIMInserted, slot = 0, mIsSIM1Insert = true, mIsSIM2Insert = false
12-30 20:09:52.136 I/VivoNetworkController( 1412): isShowDataActivityIcon(), current connected apn type: default, subscription = 0
12-30 20:09:52.136 I/VivoNetworkController( 1412): SystemUI|mDataConnected[0] = true
12-30 20:09:52.136 I/SIMAndNetworkHelper( 1412): SystemUI|isSIMInserted, slot = 0, mIsSIM1Insert = true, mIsSIM2Insert = false
12-30 20:09:52.136 I/VivoNetworkController( 1412): isShowDataActivityIcon(), current connected apn type: default, subscription = 0
12-30 20:09:52.136 I/VivoNetworkController( 1412): SystemUI|mDataConnected[0] = true
12-30 20:09:53.396 D/DataUsageService( 1523): NetSpeed  isMobileConnected BytesDelta: 0
12-30 20:09:56.396 D/DataUsageService( 1523): NetSpeed  isMobileConnected BytesDelta: 0
12-30 20:09:56.886 I/CusWid/GirlUIController( 1523): ----------- message update loop -------------
12-30 20:09:56.886 I/CusWid/GirlUIController( 1523): *****************onLoop*****************
12-30 20:09:56.886 I/CusWid/ManagerWidget( 1523): requstScoreValues..from where: 4001
12-30 20:09:56.886 I/CusWid/ManagerWidget( 1523): getRunningAppNumber..
12-30 20:09:56.886 I/CusWid/ManagerWidget( 1523): init ram memory values
12-30 20:09:56.886 D/GetBgAppsNumService( 1939): GetBgAppsNumService.onCreate()
12-30 20:09:56.896 I/CusWid/GirlUIController( 1523): onUpdateRamPercent percent is : 55
12-30 20:09:56.896 I/CusWid/GirlUIController( 1523): updateRamPercent,id 8
12-30 20:09:56.896 D/GetBgAppsNumService( 1939): GetBgAppsNumService.onStartCommand 
12-30 20:09:56.896 I/GetBgAppsNumService( 1939): intent is : Intent { act=com.android.GET_BG_APPS_NUM pkg=com.vivo.securedaemonservice } ; mResourcePkg is : null ; mIncludeWhite is : false
12-30 20:09:56.896 I/GetBgAppsNumService( 1939): getBgRunningApps()[begin]
12-30 20:09:56.896 I/SpeedUpDataUtils( 1939): srcPkgName is : null ; includeWhiteList is : false
12-30 20:09:56.906 D/SpeedUpDataUtils( 1939):  pkgName is : com.bbk.launcher2 ; proName is : com.bbk.launcher2 ; appType is : 1
12-30 20:09:56.906 I/SpeedUpDataUtils( 1939): get Running launcher is : com.bbk.launcher2 ; process name is : com.bbk.launcher2
12-30 20:09:56.906 I/SpeedUpDataUtils( 1939): get underSpliteScreenMode is : false
12-30 20:09:56.906 D/SpeedUpDataUtils( 1939):  pkgName is : com.iflytek.inputmethod ; proName is : com.iflytek.inputmethod ; appType is : 2
12-30 20:09:56.906 I/SpeedUpDataUtils( 1939): default input method service pkgName :  com.iflytek.inputmethod/.FlyIME ; inputMethodPkgName string is : com.iflytek.inputmethod
12-30 20:09:56.916 D/SecureProvider( 1523): caller uid: 1000 context: com.iqoo.secure.AppFeature@25bb003e
12-30 20:09:56.926 I/SpeedUpDataUtils( 1939):  put running task pkg name is : com.android.dialer
12-30 20:09:56.926 I/SpeedUpDataUtils( 1939):  put running task pkg name is : com.android.incallui
12-30 20:09:56.926 I/SpeedUpDataUtils( 1939):  put running task pkg name is : com.android.mms
12-30 20:09:56.926 I/SpeedUpDataUtils( 1939):  put running task pkg name is : com.tencent.mm
12-30 20:09:56.936 I/SpeedUpDataUtils( 1939): add running service package name is : com.vivo.browser ; service name is : com.vivo.browser.ui.module.safe.BrowserSecureService
12-30 20:09:56.956 I/SpeedUpDataUtils( 1939): add running service package name is : com.bbk.cloud ; service name is : com.bbk.cloud.service.BackgroundBackUpService
12-30 20:09:56.986 I/SpeedUpDataUtils( 1939):  add pkg name is : com.tencent.mm, mIsVisible is : true, mTotalRunningAppsNumber is : 1
12-30 20:09:56.986 I/SpeedUpDataUtils( 1939):  add pkg name is : com.android.mms, mIsVisible is : true, mTotalRunningAppsNumber is : 2
12-30 20:09:56.986 I/SpeedUpDataUtils( 1939):  add pkg name is : com.android.incallui, mIsVisible is : true, mTotalRunningAppsNumber is : 3
12-30 20:09:56.986 I/SpeedUpDataUtils( 1939):  add pkg name is : com.android.dialer, mIsVisible is : true, mTotalRunningAppsNumber is : 4
12-30 20:09:56.986 I/SpeedUpDataUtils( 1939):  add pkg name is : com.bbk.calendar, mIsVisible is : false, mTotalRunningAppsNumber is : 4
12-30 20:09:56.986 I/SpeedUpDataUtils( 1939):  add pkg name is : com.android.providers.calendar, mIsVisible is : false, mTotalRunningAppsNumber is : 4
12-30 20:09:56.986 I/SpeedUpDataUtils( 1939):  add pkg name is : com.bbk.appstore, mIsVisible is : false, mTotalRunningAppsNumber is : 4
12-30 20:09:56.986 I/SpeedUpDataUtils( 1939):  add pkg name is : com.vivo.browser, mIsVisible is : true, mTotalRunningAppsNumber is : 5
12-30 20:09:56.986 I/SpeedUpDataUtils( 1939):  add pkg name is : com.vivo.cameraparamluma, mIsVisible is : false, mTotalRunningAppsNumber is : 5
12-30 20:09:56.986 I/SpeedUpDataUtils( 1939):  add pkg name is : com.android.notes, mIsVisible is : false, mTotalRunningAppsNumber is : 5
12-30 20:09:56.986 I/SpeedUpDataUtils( 1939):  add pkg name is : com.qualcomm.timeservice, mIsVisible is : false, mTotalRunningAppsNumber is : 5
12-30 20:09:56.986 I/SpeedUpDataUtils( 1939):  add pkg name is : com.vivo.weather.provider, mIsVisible is : false, mTotalRunningAppsNumber is : 5
12-30 20:09:56.986 I/SpeedUpDataUtils( 1939):  add pkg name is : com.android.BBKCrontab, mIsVisible is : false, mTotalRunningAppsNumber is : 5
12-30 20:09:56.986 I/SpeedUpDataUtils( 1939):  add pkg name is : com.bbk.cloud, mIsVisible is : true, mTotalRunningAppsNumber is : 6
12-30 20:09:56.986 I/SpeedUpDataUtils( 1939):  add pkg name is : com.volte.config, mIsVisible is : false, mTotalRunningAppsNumber is : 6
12-30 20:09:56.986 I/SpeedUpDataUtils( 1939):  add pkg name is : com.qualcomm.svi, mIsVisible is : false, mTotalRunningAppsNumber is : 6
12-30 20:09:56.986 I/SpeedUpDataUtils( 1939):  add pkg name is : com.qualcomm.cabl, mIsVisible is : false, mTotalRunningAppsNumber is : 6
12-30 20:09:56.986 I/SpeedUpDataUtils( 1939):  add pkg name is : com.iflytek.speechsuite, mIsVisible is : false, mTotalRunningAppsNumber is : 6
12-30 20:09:56.986 I/SpeedUpDataUtils( 1939):  add pkg name is : com.android.settings, mIsVisible is : false, mTotalRunningAppsNumber is : 6
--------- beginning of system
12-30 20:09:56.996 W/ContextImpl( 1939): Calling a method in the system process without a qualified user: android.app.ContextImpl.sendBroadcast:1365 android.content.ContextWrapper.sendBroadcast:377 com.vivo.securedaemonservice.d.handleMessage:61 android.os.Handler.dispatchMessage:102 android.os.Looper.loop:135 
12-30 20:09:56.996 I/SpeedUpDataUtils( 1939):  add pkg name is : com.android.providers.settings, mIsVisible is : false, mTotalRunningAppsNumber is : 6
12-30 20:09:56.996 I/SpeedUpDataUtils( 1939):  add pkg name is : com.dsi.ant.server, mIsVisible is : false, mTotalRunningAppsNumber is : 6
12-30 20:09:56.996 D/GetBgAppsNumService( 1939): get bg apps number done sendBroadcastComplete !!!
12-30 20:09:56.996 D/GetBgAppsNumService( 1939): GetBgAppsNumService.onDestroy 
12-30 20:09:59.396 D/DataUsageService( 1523): NetSpeed  isMobileConnected BytesDelta: 0
12-30 20:10:02.146 I/ServiceManager(28220): Waiting for service AtCmdFwd...
12-30 20:10:02.396 D/DataUsageService( 1523): NetSpeed  isMobileConnected BytesDelta: 0
12-30 20:10:02.896 I/CusWid/GirlUIController( 1523): ----------- message update loop -------------
12-30 20:10:02.896 I/CusWid/GirlUIController( 1523): *****************onLoop*****************
12-30 20:10:02.896 I/CusWid/ManagerWidget( 1523): requstScoreValues..from where: 4001
12-30 20:10:02.896 I/CusWid/ManagerWidget( 1523): getRunningAppNumber..
12-30 20:10:02.896 D/GetBgAppsNumService( 1939): GetBgAppsNumService.onCreate()
12-30 20:10:02.906 I/CusWid/ManagerWidget( 1523): init ram memory values
12-30 20:10:02.906 I/CusWid/GirlUIController( 1523): onUpdateRamPercent percent is : 55
12-30 20:10:02.906 I/CusWid/GirlUIController( 1523): updateRamPercent,id 8
12-30 20:10:02.906 D/GetBgAppsNumService( 1939): GetBgAppsNumService.onStartCommand 
12-30 20:10:02.906 I/GetBgAppsNumService( 1939): intent is : Intent { act=com.android.GET_BG_APPS_NUM pkg=com.vivo.securedaemonservice } ; mResourcePkg is : null ; mIncludeWhite is : false
12-30 20:10:02.906 I/GetBgAppsNumService( 1939): getBgRunningApps()[begin]
12-30 20:10:02.906 I/SpeedUpDataUtils( 1939): srcPkgName is : null ; includeWhiteList is : false
12-30 20:10:02.916 D/SpeedUpDataUtils( 1939):  pkgName is : com.bbk.launcher2 ; proName is : com.bbk.launcher2 ; appType is : 1
12-30 20:10:02.916 I/SpeedUpDataUtils( 1939): get Running launcher is : com.bbk.launcher2 ; process name is : com.bbk.launcher2
12-30 20:10:02.916 I/SpeedUpDataUtils( 1939): get underSpliteScreenMode is : false
12-30 20:10:02.926 D/SpeedUpDataUtils( 1939):  pkgName is : com.iflytek.inputmethod ; proName is : com.iflytek.inputmethod ; appType is : 2
12-30 20:10:02.926 I/SpeedUpDataUtils( 1939): default input method service pkgName :  com.iflytek.inputmethod/.FlyIME ; inputMethodPkgName string is : com.iflytek.inputmethod
12-30 20:10:02.946 D/SecureProvider( 1523): caller uid: 1000 context: com.iqoo.secure.AppFeature@25bb003e
12-30 20:10:02.946 I/SpeedUpDataUtils( 1939):  put running task pkg name is : com.android.dialer
12-30 20:10:02.946 I/SpeedUpDataUtils( 1939):  put running task pkg name is : com.android.incallui
12-30 20:10:02.956 I/SpeedUpDataUtils( 1939):  put running task pkg name is : com.android.mms
12-30 20:10:02.956 I/SpeedUpDataUtils( 1939):  put running task pkg name is : com.tencent.mm
12-30 20:10:02.956 I/SpeedUpDataUtils( 1939): add running service package name is : com.vivo.browser ; service name is : com.vivo.browser.ui.module.safe.BrowserSecureService
12-30 20:10:02.976 I/SpeedUpDataUtils( 1939): add running service package name is : com.bbk.cloud ; service name is : com.bbk.cloud.service.BackgroundBackUpService
12-30 20:10:03.016 I/SpeedUpDataUtils( 1939):  add pkg name is : com.tencent.mm, mIsVisible is : true, mTotalRunningAppsNumber is : 1
12-30 20:10:03.016 I/SpeedUpDataUtils( 1939):  add pkg name is : com.android.mms, mIsVisible is : true, mTotalRunningAppsNumber is : 2
12-30 20:10:03.016 I/SpeedUpDataUtils( 1939):  add pkg name is : com.android.incallui, mIsVisible is : true, mTotalRunningAppsNumber is : 3
12-30 20:10:03.016 I/SpeedUpDataUtils( 1939):  add pkg name is : com.android.dialer, mIsVisible is : true, mTotalRunningAppsNumber is : 4
12-30 20:10:03.016 I/SpeedUpDataUtils( 1939):  add pkg name is : com.bbk.calendar, mIsVisible is : false, mTotalRunningAppsNumber is : 4
12-30 20:10:03.016 I/SpeedUpDataUtils( 1939):  add pkg name is : com.android.providers.calendar, mIsVisible is : false, mTotalRunningAppsNumber is : 4
12-30 20:10:03.016 I/SpeedUpDataUtils( 1939):  add pkg name is : com.bbk.appstore, mIsVisible is : false, mTotalRunningAppsNumber is : 4
12-30 20:10:03.016 I/SpeedUpDataUtils( 1939):  add pkg name is : com.vivo.browser, mIsVisible is : true, mTotalRunningAppsNumber is : 5
12-30 20:10:03.016 I/SpeedUpDataUtils( 1939):  add pkg name is : com.vivo.cameraparamluma, mIsVisible is : false, mTotalRunningAppsNumber is : 5
12-30 20:10:03.016 I/SpeedUpDataUtils( 1939):  add pkg name is : com.android.notes, mIsVisible is : false, mTotalRunningAppsNumber is : 5
12-30 20:10:03.016 I/SpeedUpDataUtils( 1939):  add pkg name is : com.qualcomm.timeservice, mIsVisible is : false, mTotalRunningAppsNumber is : 5
12-30 20:10:03.016 I/SpeedUpDataUtils( 1939):  add pkg name is : com.vivo.weather.provider, mIsVisible is : false, mTotalRunningAppsNumber is : 5
12-30 20:10:03.016 I/SpeedUpDataUtils( 1939):  add pkg name is : com.android.BBKCrontab, mIsVisible is : false, mTotalRunningAppsNumber is : 5
12-30 20:10:03.016 I/SpeedUpDataUtils( 1939):  add pkg name is : com.bbk.cloud, mIsVisible is : true, mTotalRunningAppsNumber is : 6
12-30 20:10:03.016 I/SpeedUpDataUtils( 1939):  add pkg name is : com.volte.config, mIsVisible is : false, mTotalRunningAppsNumber is : 6
12-30 20:10:03.016 I/SpeedUpDataUtils( 1939):  add pkg name is : com.qualcomm.svi, mIsVisible is : false, mTotalRunningAppsNumber is : 6
12-30 20:10:03.016 I/SpeedUpDataUtils( 1939):  add pkg name is : com.qualcomm.cabl, mIsVisible is : false, mTotalRunningAppsNumber is : 6
12-30 20:10:03.016 I/SpeedUpDataUtils( 1939):  add pkg name is : com.iflytek.speechsuite, mIsVisible is : false, mTotalRunningAppsNumber is : 6
12-30 20:10:03.016 I/SpeedUpDataUtils( 1939):  add pkg name is : com.android.settings, mIsVisible is : false, mTotalRunningAppsNumber is : 6
12-30 20:10:03.016 I/SpeedUpDataUtils( 1939):  add pkg name is : com.android.providers.settings, mIsVisible is : false, mTotalRunningAppsNumber is : 6
12-30 20:10:03.016 I/SpeedUpDataUtils( 1939):  add pkg name is : com.dsi.ant.server, mIsVisible is : false, mTotalRunningAppsNumber is : 6
12-30 20:10:03.026 W/ContextImpl( 1939): Calling a method in the system process without a qualified user: android.app.ContextImpl.sendBroadcast:1365 android.content.ContextWrapper.sendBroadcast:377 com.vivo.securedaemonservice.d.handleMessage:61 android.os.Handler.dispatchMessage:102 android.os.Looper.loop:135 
12-30 20:10:03.026 D/GetBgAppsNumService( 1939): get bg apps number done sendBroadcastComplete !!!
12-30 20:10:03.026 D/GetBgAppsNumService( 1939): GetBgAppsNumService.onDestroy 
12-30 20:10:03.146 I/ServiceManager(28220): Waiting for service AtCmdFwd...
12-30 20:10:04.156 I/ServiceManager(28220): Waiting for service AtCmdFwd...
12-30 20:10:05.156 I/ServiceManager(28220): Waiting for service AtCmdFwd...
12-30 20:10:05.406 D/DataUsageService( 1523): NetSpeed  isMobileConnected BytesDelta: 0
12-30 20:10:06.156 I/ServiceManager(28220): Waiting for service AtCmdFwd...
12-30 20:10:07.156 W/Atfwd_Sendcmd(28220): AtCmdFwd service not published, waiting... retryCnt : 4
12-30 20:10:08.396 D/DataUsageService( 1523): NetSpeed  isMobileConnected BytesDelta: 0
12-30 20:10:08.906 I/CusWid/GirlUIController( 1523): ----------- message update loop -------------
12-30 20:10:08.906 I/CusWid/GirlUIController( 1523): *****************onLoop*****************
12-30 20:10:08.906 I/CusWid/ManagerWidget( 1523): requstScoreValues..from where: 4001
12-30 20:10:08.906 I/CusWid/ManagerWidget( 1523): getRunningAppNumber..
12-30 20:10:08.906 I/CusWid/ManagerWidget( 1523): init ram memory values
12-30 20:10:08.916 D/GetBgAppsNumService( 1939): GetBgAppsNumService.onCreate()
12-30 20:10:08.916 D/GetBgAppsNumService( 1939): GetBgAppsNumService.onStartCommand 
12-30 20:10:08.916 I/GetBgAppsNumService( 1939): intent is : Intent { act=com.android.GET_BG_APPS_NUM pkg=com.vivo.securedaemonservice } ; mResourcePkg is : null ; mIncludeWhite is : false
12-30 20:10:08.916 I/GetBgAppsNumService( 1939): getBgRunningApps()[begin]
12-30 20:10:08.916 I/SpeedUpDataUtils( 1939): srcPkgName is : null ; includeWhiteList is : false
12-30 20:10:08.916 I/CusWid/GirlUIController( 1523): onUpdateRamPercent percent is : 55
12-30 20:10:08.916 I/CusWid/GirlUIController( 1523): updateRamPercent,id 8
12-30 20:10:08.926 D/SpeedUpDataUtils( 1939):  pkgName is : com.bbk.launcher2 ; proName is : com.bbk.launcher2 ; appType is : 1
12-30 20:10:08.926 I/SpeedUpDataUtils( 1939): get Running launcher is : com.bbk.launcher2 ; process name is : com.bbk.launcher2
12-30 20:10:08.926 I/SpeedUpDataUtils( 1939): get underSpliteScreenMode is : false
12-30 20:10:08.936 D/SpeedUpDataUtils( 1939):  pkgName is : com.iflytek.inputmethod ; proName is : com.iflytek.inputmethod ; appType is : 2
12-30 20:10:08.936 I/SpeedUpDataUtils( 1939): default input method service pkgName :  com.iflytek.inputmethod/.FlyIME ; inputMethodPkgName string is : com.iflytek.inputmethod
12-30 20:10:08.956 D/SecureProvider( 1523): caller uid: 1000 context: com.iqoo.secure.AppFeature@25bb003e
12-30 20:10:08.956 I/SpeedUpDataUtils( 1939):  put running task pkg name is : com.android.dialer
12-30 20:10:08.956 I/SpeedUpDataUtils( 1939):  put running task pkg name is : com.android.incallui
12-30 20:10:08.956 I/SpeedUpDataUtils( 1939):  put running task pkg name is : com.android.mms
12-30 20:10:08.956 I/SpeedUpDataUtils( 1939):  put running task pkg name is : com.tencent.mm
12-30 20:10:08.966 I/SpeedUpDataUtils( 1939): add running service package name is : com.vivo.browser ; service name is : com.vivo.browser.ui.module.safe.BrowserSecureService
12-30 20:10:08.986 I/SpeedUpDataUtils( 1939): add running service package name is : com.bbk.cloud ; service name is : com.bbk.cloud.service.BackgroundBackUpService
12-30 20:10:09.016 I/SpeedUpDataUtils( 1939):  add pkg name is : com.tencent.mm, mIsVisible is : true, mTotalRunningAppsNumber is : 1
12-30 20:10:09.016 I/SpeedUpDataUtils( 1939):  add pkg name is : com.android.mms, mIsVisible is : true, mTotalRunningAppsNumber is : 2
12-30 20:10:09.016 I/SpeedUpDataUtils( 1939):  add pkg name is : com.android.incallui, mIsVisible is : true, mTotalRunningAppsNumber is : 3
12-30 20:10:09.016 I/SpeedUpDataUtils( 1939):  add pkg name is : com.android.dialer, mIsVisible is : true, mTotalRunningAppsNumber is : 4
12-30 20:10:09.026 W/ContextImpl( 1939): Calling a method in the system process without a qualified user: android.app.ContextImpl.sendBroadcast:1365 android.content.ContextWrapper.sendBroadcast:377 com.vivo.securedaemonservice.d.handleMessage:61 android.os.Handler.dispatchMessage:102 android.os.Looper.loop:135 
12-30 20:10:09.026 I/SpeedUpDataUtils( 1939):  add pkg name is : com.bbk.calendar, mIsVisible is : false, mTotalRunningAppsNumber is : 4
12-30 20:10:09.026 I/SpeedUpDataUtils( 1939):  add pkg name is : com.android.providers.calendar, mIsVisible is : false, mTotalRunningAppsNumber is : 4
12-30 20:10:09.026 I/SpeedUpDataUtils( 1939):  add pkg name is : com.bbk.appstore, mIsVisible is : false, mTotalRunningAppsNumber is : 4
12-30 20:10:09.026 I/SpeedUpDataUtils( 1939):  add pkg name is : com.vivo.browser, mIsVisible is : true, mTotalRunningAppsNumber is : 5
12-30 20:10:09.026 I/SpeedUpDataUtils( 1939):  add pkg name is : com.vivo.cameraparamluma, mIsVisible is : false, mTotalRunningAppsNumber is : 5
12-30 20:10:09.026 I/SpeedUpDataUtils( 1939):  add pkg name is : com.android.notes, mIsVisible is : false, mTotalRunningAppsNumber is : 5
12-30 20:10:09.026 I/SpeedUpDataUtils( 1939):  add pkg name is : com.qualcomm.timeservice, mIsVisible is : false, mTotalRunningAppsNumber is : 5
12-30 20:10:09.026 I/SpeedUpDataUtils( 1939):  add pkg name is : com.vivo.weather.provider, mIsVisible is : false, mTotalRunningAppsNumber is : 5
12-30 20:10:09.026 I/SpeedUpDataUtils( 1939):  add pkg name is : com.android.BBKCrontab, mIsVisible is : false, mTotalRunningAppsNumber is : 5
12-30 20:10:09.026 I/SpeedUpDataUtils( 1939):  add pkg name is : com.bbk.cloud, mIsVisible is : true, mTotalRunningAppsNumber is : 6
12-30 20:10:09.026 I/SpeedUpDataUtils( 1939):  add pkg name is : com.volte.config, mIsVisible is : false, mTotalRunningAppsNumber is : 6
12-30 20:10:09.026 I/SpeedUpDataUtils( 1939):  add pkg name is : com.qualcomm.svi, mIsVisible is : false, mTotalRunningAppsNumber is : 6
12-30 20:10:09.026 I/SpeedUpDataUtils( 1939):  add pkg name is : com.qualcomm.cabl, mIsVisible is : false, mTotalRunningAppsNumber is : 6
12-30 20:10:09.026 I/SpeedUpDataUtils( 1939):  add pkg name is : com.iflytek.speechsuite, mIsVisible is : false, mTotalRunningAppsNumber is : 6
12-30 20:10:09.026 I/SpeedUpDataUtils( 1939):  add pkg name is : com.android.settings, mIsVisible is : false, mTotalRunningAppsNumber is : 6
12-30 20:10:09.026 I/SpeedUpDataUtils( 1939):  add pkg name is : com.android.providers.settings, mIsVisible is : false, mTotalRunningAppsNumber is : 6
12-30 20:10:09.026 I/SpeedUpDataUtils( 1939):  add pkg name is : com.dsi.ant.server, mIsVisible is : false, mTotalRunningAppsNumber is : 6
12-30 20:10:09.026 D/GetBgAppsNumService( 1939): get bg apps number done sendBroadcastComplete !!!
12-30 20:10:09.026 D/GetBgAppsNumService( 1939): GetBgAppsNumService.onDestroy 
12-30 20:10:11.406 D/DataUsageService( 1523): NetSpeed  isMobileConnected BytesDelta: 0
12-30 20:10:14.406 D/DataUsageService( 1523): NetSpeed  isMobileConnected BytesDelta: 0
12-30 20:10:14.916 I/CusWid/GirlUIController( 1523): ----------- message update loop -------------
12-30 20:10:14.916 I/CusWid/GirlUIController( 1523): *****************onLoop*****************
12-30 20:10:14.916 I/CusWid/ManagerWidget( 1523): requstScoreValues..from where: 4001
12-30 20:10:14.916 I/CusWid/ManagerWidget( 1523): getRunningAppNumber..
12-30 20:10:14.926 I/CusWid/ManagerWidget( 1523): init ram memory values
12-30 20:10:14.926 D/GetBgAppsNumService( 1939): GetBgAppsNumService.onCreate()
12-30 20:10:14.926 I/CusWid/GirlUIController( 1523): onUpdateRamPercent percent is : 55
12-30 20:10:14.926 I/CusWid/GirlUIController( 1523): updateRamPercent,id 8
12-30 20:10:14.926 D/GetBgAppsNumService( 1939): GetBgAppsNumService.onStartCommand 
12-30 20:10:14.926 I/GetBgAppsNumService( 1939): intent is : Intent { act=com.android.GET_BG_APPS_NUM pkg=com.vivo.securedaemonservice } ; mResourcePkg is : null ; mIncludeWhite is : false
12-30 20:10:14.926 I/GetBgAppsNumService( 1939): getBgRunningApps()[begin]
12-30 20:10:14.926 I/SpeedUpDataUtils( 1939): srcPkgName is : null ; includeWhiteList is : false
12-30 20:10:14.936 D/SpeedUpDataUtils( 1939):  pkgName is : com.bbk.launcher2 ; proName is : com.bbk.launcher2 ; appType is : 1
12-30 20:10:14.946 I/SpeedUpDataUtils( 1939): get Running launcher is : com.bbk.launcher2 ; process name is : com.bbk.launcher2
12-30 20:10:14.946 I/SpeedUpDataUtils( 1939): get underSpliteScreenMode is : false
12-30 20:10:14.946 D/SpeedUpDataUtils( 1939):  pkgName is : com.iflytek.inputmethod ; proName is : com.iflytek.inputmethod ; appType is : 2
12-30 20:10:14.956 I/SpeedUpDataUtils( 1939): default input method service pkgName :  com.iflytek.inputmethod/.FlyIME ; inputMethodPkgName string is : com.iflytek.inputmethod
12-30 20:10:14.966 D/SecureProvider( 1523): caller uid: 1000 context: com.iqoo.secure.AppFeature@25bb003e
12-30 20:10:14.976 I/SpeedUpDataUtils( 1939):  put running task pkg name is : com.android.dialer
12-30 20:10:14.976 I/SpeedUpDataUtils( 1939):  put running task pkg name is : com.android.incallui
12-30 20:10:14.976 I/SpeedUpDataUtils( 1939):  put running task pkg name is : com.android.mms
12-30 20:10:14.976 I/SpeedUpDataUtils( 1939):  put running task pkg name is : com.tencent.mm
12-30 20:10:14.986 I/SpeedUpDataUtils( 1939): add running service package name is : com.vivo.browser ; service name is : com.vivo.browser.ui.module.safe.BrowserSecureService
12-30 20:10:15.016 I/SpeedUpDataUtils( 1939): add running service package name is : com.bbk.cloud ; service name is : com.bbk.cloud.service.BackgroundBackUpService
12-30 20:10:15.046 I/SpeedUpDataUtils( 1939):  add pkg name is : com.tencent.mm, mIsVisible is : true, mTotalRunningAppsNumber is : 1
12-30 20:10:15.046 I/SpeedUpDataUtils( 1939):  add pkg name is : com.android.mms, mIsVisible is : true, mTotalRunningAppsNumber is : 2
12-30 20:10:15.046 I/SpeedUpDataUtils( 1939):  add pkg name is : com.android.incallui, mIsVisible is : true, mTotalRunningAppsNumber is : 3
12-30 20:10:15.046 I/SpeedUpDataUtils( 1939):  add pkg name is : com.android.dialer, mIsVisible is : true, mTotalRunningAppsNumber is : 4
12-30 20:10:15.046 I/SpeedUpDataUtils( 1939):  add pkg name is : com.bbk.calendar, mIsVisible is : false, mTotalRunningAppsNumber is : 4
12-30 20:10:15.046 I/SpeedUpDataUtils( 1939):  add pkg name is : com.android.providers.calendar, mIsVisible is : false, mTotalRunningAppsNumber is : 4
12-30 20:10:15.046 I/SpeedUpDataUtils( 1939):  add pkg name is : com.bbk.appstore, mIsVisible is : false, mTotalRunningAppsNumber is : 4
12-30 20:10:15.046 I/SpeedUpDataUtils( 1939):  add pkg name is : com.vivo.browser, mIsVisible is : true, mTotalRunningAppsNumber is : 5
12-30 20:10:15.046 I/SpeedUpDataUtils( 1939):  add pkg name is : com.vivo.cameraparamluma, mIsVisible is : false, mTotalRunningAppsNumber is : 5
12-30 20:10:15.046 I/SpeedUpDataUtils( 1939):  add pkg name is : com.android.notes, mIsVisible is : false, mTotalRunningAppsNumber is : 5
12-30 20:10:15.046 I/SpeedUpDataUtils( 1939):  add pkg name is : com.qualcomm.timeservice, mIsVisible is : false, mTotalRunningAppsNumber is : 5
12-30 20:10:15.046 I/SpeedUpDataUtils( 1939):  add pkg name is : com.vivo.weather.provider, mIsVisible is : false, mTotalRunningAppsNumber is : 5
12-30 20:10:15.046 I/SpeedUpDataUtils( 1939):  add pkg name is : com.android.BBKCrontab, mIsVisible is : false, mTotalRunningAppsNumber is : 5
12-30 20:10:15.046 I/SpeedUpDataUtils( 1939):  add pkg name is : com.bbk.cloud, mIsVisible is : true, mTotalRunningAppsNumber is : 6
12-30 20:10:15.046 I/SpeedUpDataUtils( 1939):  add pkg name is : com.volte.config, mIsVisible is : false, mTotalRunningAppsNumber is : 6
12-30 20:10:15.046 I/SpeedUpDataUtils( 1939):  add pkg name is : com.qualcomm.svi, mIsVisible is : false, mTotalRunningAppsNumber is : 6
12-30 20:10:15.046 I/SpeedUpDataUtils( 1939):  add pkg name is : com.qualcomm.cabl, mIsVisible is : false, mTotalRunningAppsNumber is : 6
12-30 20:10:15.046 I/SpeedUpDataUtils( 1939):  add pkg name is : com.iflytek.speechsuite, mIsVisible is : false, mTotalRunningAppsNumber is : 6
12-30 20:10:15.056 W/ContextImpl( 1939): Calling a method in the system process without a qualified user: android.app.ContextImpl.sendBroadcast:1365 android.content.ContextWrapper.sendBroadcast:377 com.vivo.securedaemonservice.d.handleMessage:61 android.os.Handler.dispatchMessage:102 android.os.Looper.loop:135 
12-30 20:10:15.056 I/SpeedUpDataUtils( 1939):  add pkg name is : com.android.settings, mIsVisible is : false, mTotalRunningAppsNumber is : 6
12-30 20:10:15.056 I/SpeedUpDataUtils( 1939):  add pkg name is : com.android.providers.settings, mIsVisible is : false, mTotalRunningAppsNumber is : 6
12-30 20:10:15.056 I/SpeedUpDataUtils( 1939):  add pkg name is : com.dsi.ant.server, mIsVisible is : false, mTotalRunningAppsNumber is : 6
12-30 20:10:15.056 D/GetBgAppsNumService( 1939): get bg apps number done sendBroadcastComplete !!!
12-30 20:10:15.056 D/GetBgAppsNumService( 1939): GetBgAppsNumService.onDestroy 
12-30 20:10:17.416 D/DataUsageService( 1523): NetSpeed  isMobileConnected BytesDelta: 0
12-30 20:10:20.416 D/DataUsageService( 1523): NetSpeed  isMobileConnected BytesDelta: 0
12-30 20:10:20.926 I/CusWid/GirlUIController( 1523): ----------- message update loop -------------
12-30 20:10:20.926 I/CusWid/GirlUIController( 1523): *****************onLoop*****************
12-30 20:10:20.926 I/CusWid/ManagerWidget( 1523): requstScoreValues..from where: 4001
12-30 20:10:20.926 I/CusWid/ManagerWidget( 1523): getRunningAppNumber..
12-30 20:10:20.936 I/CusWid/ManagerWidget( 1523): init ram memory values
12-30 20:10:20.936 D/GetBgAppsNumService( 1939): GetBgAppsNumService.onCreate()
12-30 20:10:20.946 I/CusWid/GirlUIController( 1523): onUpdateRamPercent percent is : 55
12-30 20:10:20.946 I/CusWid/GirlUIController( 1523): updateRamPercent,id 8
12-30 20:10:20.946 D/GetBgAppsNumService( 1939): GetBgAppsNumService.onStartCommand 
12-30 20:10:20.946 I/GetBgAppsNumService( 1939): intent is : Intent { act=com.android.GET_BG_APPS_NUM pkg=com.vivo.securedaemonservice } ; mResourcePkg is : null ; mIncludeWhite is : false
12-30 20:10:20.946 I/GetBgAppsNumService( 1939): getBgRunningApps()[begin]
12-30 20:10:20.946 I/SpeedUpDataUtils( 1939): srcPkgName is : null ; includeWhiteList is : false
12-30 20:10:20.956 D/SpeedUpDataUtils( 1939):  pkgName is : com.bbk.launcher2 ; proName is : com.bbk.launcher2 ; appType is : 1
12-30 20:10:20.956 I/SpeedUpDataUtils( 1939): get Running launcher is : com.bbk.launcher2 ; process name is : com.bbk.launcher2
12-30 20:10:20.956 I/SpeedUpDataUtils( 1939): get underSpliteScreenMode is : false
12-30 20:10:20.966 D/SpeedUpDataUtils( 1939):  pkgName is : com.iflytek.inputmethod ; proName is : com.iflytek.inputmethod ; appType is : 2
12-30 20:10:20.966 I/SpeedUpDataUtils( 1939): default input method service pkgName :  com.iflytek.inputmethod/.FlyIME ; inputMethodPkgName string is : com.iflytek.inputmethod
12-30 20:10:20.966 D/SecureProvider( 1523): caller uid: 1000 context: com.iqoo.secure.AppFeature@25bb003e
12-30 20:10:20.976 I/SpeedUpDataUtils( 1939):  put running task pkg name is : com.android.dialer
12-30 20:10:20.976 I/SpeedUpDataUtils( 1939):  put running task pkg name is : com.android.incallui
12-30 20:10:20.976 I/SpeedUpDataUtils( 1939):  put running task pkg name is : com.android.mms
12-30 20:10:20.976 I/SpeedUpDataUtils( 1939):  put running task pkg name is : com.tencent.mm
12-30 20:10:20.986 I/SpeedUpDataUtils( 1939): add running service package name is : com.vivo.browser ; service name is : com.vivo.browser.ui.module.safe.BrowserSecureService
12-30 20:10:20.996 I/SpeedUpDataUtils( 1939): add running service package name is : com.bbk.cloud ; service name is : com.bbk.cloud.service.BackgroundBackUpService
12-30 20:10:21.036 I/SpeedUpDataUtils( 1939):  add pkg name is : com.tencent.mm, mIsVisible is : true, mTotalRunningAppsNumber is : 1
12-30 20:10:21.036 I/SpeedUpDataUtils( 1939):  add pkg name is : com.android.mms, mIsVisible is : true, mTotalRunningAppsNumber is : 2
12-30 20:10:21.036 I/SpeedUpDataUtils( 1939):  add pkg name is : com.android.incallui, mIsVisible is : true, mTotalRunningAppsNumber is : 3
12-30 20:10:21.036 I/SpeedUpDataUtils( 1939):  add pkg name is : com.android.dialer, mIsVisible is : true, mTotalRunningAppsNumber is : 4
12-30 20:10:21.036 I/SpeedUpDataUtils( 1939):  add pkg name is : com.bbk.calendar, mIsVisible is : false, mTotalRunningAppsNumber is : 4
12-30 20:10:21.036 I/SpeedUpDataUtils( 1939):  add pkg name is : com.android.providers.calendar, mIsVisible is : false, mTotalRunningAppsNumber is : 4
12-30 20:10:21.036 I/SpeedUpDataUtils( 1939):  add pkg name is : com.bbk.appstore, mIsVisible is : false, mTotalRunningAppsNumber is : 4
12-30 20:10:21.036 I/SpeedUpDataUtils( 1939):  add pkg name is : com.vivo.browser, mIsVisible is : true, mTotalRunningAppsNumber is : 5
12-30 20:10:21.036 I/SpeedUpDataUtils( 1939):  add pkg name is : com.vivo.cameraparamluma, mIsVisible is : false, mTotalRunningAppsNumber is : 5
12-30 20:10:21.036 I/SpeedUpDataUtils( 1939):  add pkg name is : com.android.notes, mIsVisible is : false, mTotalRunningAppsNumber is : 5
12-30 20:10:21.036 I/SpeedUpDataUtils( 1939):  add pkg name is : com.qualcomm.timeservice, mIsVisible is : false, mTotalRunningAppsNumber is : 5
12-30 20:10:21.036 I/SpeedUpDataUtils( 1939):  add pkg name is : com.vivo.weather.provider, mIsVisible is : false, mTotalRunningAppsNumber is : 5
12-30 20:10:21.036 I/SpeedUpDataUtils( 1939):  add pkg name is : com.android.BBKCrontab, mIsVisible is : false, mTotalRunningAppsNumber is : 5
12-30 20:10:21.036 I/SpeedUpDataUtils( 1939):  add pkg name is : com.bbk.cloud, mIsVisible is : true, mTotalRunningAppsNumber is : 6
12-30 20:10:21.036 I/SpeedUpDataUtils( 1939):  add pkg name is : com.volte.config, mIsVisible is : false, mTotalRunningAppsNumber is : 6
12-30 20:10:21.036 I/SpeedUpDataUtils( 1939):  add pkg name is : com.qualcomm.svi, mIsVisible is : false, mTotalRunningAppsNumber is : 6
12-30 20:10:21.036 I/SpeedUpDataUtils( 1939):  add pkg name is : com.qualcomm.cabl, mIsVisible is : false, mTotalRunningAppsNumber is : 6
12-30 20:10:21.036 I/SpeedUpDataUtils( 1939):  add pkg name is : com.iflytek.speechsuite, mIsVisible is : false, mTotalRunningAppsNumber is : 6
12-30 20:10:21.036 I/SpeedUpDataUtils( 1939):  add pkg name is : com.android.settings, mIsVisible is : false, mTotalRunningAppsNumber is : 6
12-30 20:10:21.046 W/ContextImpl( 1939): Calling a method in the system process without a qualified user: android.app.ContextImpl.sendBroadcast:1365 android.content.ContextWrapper.sendBroadcast:377 com.vivo.securedaemonservice.d.handleMessage:61 android.os.Handler.dispatchMessage:102 android.os.Looper.loop:135 
12-30 20:10:21.046 I/SpeedUpDataUtils( 1939):  add pkg name is : com.android.providers.settings, mIsVisible is : false, mTotalRunningAppsNumber is : 6
12-30 20:10:21.046 I/SpeedUpDataUtils( 1939):  add pkg name is : com.dsi.ant.server, mIsVisible is : false, mTotalRunningAppsNumber is : 6
12-30 20:10:21.046 D/GetBgAppsNumService( 1939): get bg apps number done sendBroadcastComplete !!!
12-30 20:10:21.046 D/GetBgAppsNumService( 1939): GetBgAppsNumService.onDestroy 
12-30 20:10:22.146 D/VM_BMS  (  351): wake_lock acquired
12-30 20:10:22.146 D/VM_BMS  (  351): New BMS data - Size=56
12-30 20:10:22.146 D/VM_BMS  (  351): Start process_bms_data
12-30 20:10:22.156 D/VM_BMS  (  351): For batt_temp=296 fcc_mah=2374
12-30 20:10:22.156 D/VM_BMS  (  351): For ocv=3967225 batt_temp=296 soc=66
12-30 20:10:22.156 D/VM_BMS  (  351): fifo_count=5 acc_count=0
12-30 20:10:22.156 D/VM_BMS  (  351): INIT: ocv=3967225 last_ocv=3967225 batt_temp=296 soc=66
12-30 20:10:22.156 D/VM_BMS  (  351): For soc=66 batt_temp=296 slope=7000
12-30 20:10:22.156 D/VM_BMS  (  351): For soc=66 batt_temp=296 rbatt_sf=114
12-30 20:10:22.156 D/VM_BMS  (  351): rbatt_mohm_default=162, rbatt_mohm=184, sf=114 batt_temp=296
12-30 20:10:22.156 D/VM_BMS  (  351): For ocv=3967093 batt_temp=296 soc=66
12-30 20:10:22.156 D/VM_BMS  (  351): FIFO=0 fifo_avg=3.925137 rbatt=0.234000 slope=0.700000 ibatt=0.179582 ocv=3.967093 soc=66 fcc_ah=2.374000 sample_count=128 sample_interval=70 seq_num=1798
12-30 20:10:22.156 D/VM_BMS  (  351): For soc=66 batt_temp=296 slope=7000
12-30 20:10:22.156 D/VM_BMS  (  351): For soc=66 batt_temp=296 rbatt_sf=114
12-30 20:10:22.156 D/VM_BMS  (  351): rbatt_mohm_default=162, rbatt_mohm=184, sf=114 batt_temp=296
12-30 20:10:22.156 D/VM_BMS  (  351): For ocv=3966968 batt_temp=296 soc=66
12-30 20:10:22.156 D/VM_BMS  (  351): FIFO=1 fifo_avg=3.927198 rbatt=0.234000 slope=0.700000 ibatt=0.170225 ocv=3.966968 soc=66 fcc_ah=2.374000 sample_count=128 sample_interval=70 seq_num=1798
12-30 20:10:22.156 D/VM_BMS  (  351): For soc=66 batt_temp=296 slope=7000
12-30 20:10:22.156 D/VM_BMS  (  351): For soc=66 batt_temp=296 rbatt_sf=114
12-30 20:10:22.156 D/VM_BMS  (  351): rbatt_mohm_default=162, rbatt_mohm=184, sf=114 batt_temp=296
12-30 20:10:22.156 D/VM_BMS  (  351): For ocv=3966918 batt_temp=296 soc=66
12-30 20:10:22.156 D/VM_BMS  (  351): FIFO=2 fifo_avg=3.951039 rbatt=0.234000 slope=0.700000 ibatt=0.067966 ocv=3.966918 soc=66 fcc_ah=2.374000 sample_count=128 sample_interval=70 seq_num=1798
12-30 20:10:22.156 D/VM_BMS  (  351): For soc=66 batt_temp=296 slope=7000
12-30 20:10:22.156 D/VM_BMS  (  351): For soc=66 batt_temp=296 rbatt_sf=114
12-30 20:10:22.156 D/VM_BMS  (  351): rbatt_mohm_default=162, rbatt_mohm=184, sf=114 batt_temp=296
12-30 20:10:22.156 D/VM_BMS  (  351): For ocv=3966874 batt_temp=296 soc=66
12-30 20:10:22.156 D/VM_BMS  (  351): FIFO=3 fifo_avg=3.953100 rbatt=0.234000 slope=0.700000 ibatt=0.058959 ocv=3.966875 soc=66 fcc_ah=2.374000 sample_count=128 sample_interval=70 seq_num=1798
12-30 20:10:22.156 D/VM_BMS  (  351): For soc=66 batt_temp=296 slope=7000
12-30 20:10:22.156 D/VM_BMS  (  351): For soc=66 batt_temp=296 rbatt_sf=114
12-30 20:10:22.156 D/VM_BMS  (  351): rbatt_mohm_default=162, rbatt_mohm=184, sf=114 batt_temp=296
12-30 20:10:22.156 D/VM_BMS  (  351): For ocv=3966834 batt_temp=296 soc=66
12-30 20:10:22.156 D/VM_BMS  (  351): FIFO=4 fifo_avg=3.954279 rbatt=0.234000 slope=0.700000 ibatt=0.053740 ocv=3.966835 soc=66 fcc_ah=2.374000 sample_count=128 sample_interval=70 seq_num=1798
12-30 20:10:22.156 I/VM_BMS  (  351): power_supply_update: ocv_uv=3966834 ibatt=53740 soc=66 seq_num=1798
12-30 20:10:22.156 D/VM_BMS  (  351): End process_bms_data
12-30 20:10:22.156 D/VM_BMS  (  351): wake_lock released
12-30 20:10:23.426 D/DataUsageService( 1523): NetSpeed  isMobileConnected BytesDelta: 0
12-30 20:10:23.476 D/vivo_daemon:AnpDaemon(  217): start query abnormal logcat
12-30 20:10:23.516 D/vivo_daemon:AnpDaemon(  217): finish query abnormal logcat
12-30 20:10:26.426 D/DataUsageService( 1523): NetSpeed  isMobileConnected BytesDelta: 0
12-30 20:10:26.946 I/CusWid/GirlUIController( 1523): ----------- message update loop -------------
12-30 20:10:26.946 I/CusWid/GirlUIController( 1523): *****************onLoop*****************
12-30 20:10:26.946 I/CusWid/ManagerWidget( 1523): requstScoreValues..from where: 4001
12-30 20:10:26.946 I/CusWid/ManagerWidget( 1523): getRunningAppNumber..
12-30 20:10:26.956 I/CusWid/ManagerWidget( 1523): init ram memory values
12-30 20:10:26.956 D/GetBgAppsNumService( 1939): GetBgAppsNumService.onCreate()
12-30 20:10:26.956 D/GetBgAppsNumService( 1939): GetBgAppsNumService.onStartCommand 
12-30 20:10:26.956 I/GetBgAppsNumService( 1939): intent is : Intent { act=com.android.GET_BG_APPS_NUM pkg=com.vivo.securedaemonservice } ; mResourcePkg is : null ; mIncludeWhite is : false
12-30 20:10:26.956 I/GetBgAppsNumService( 1939): getBgRunningApps()[begin]
12-30 20:10:26.956 I/SpeedUpDataUtils( 1939): srcPkgName is : null ; includeWhiteList is : false
12-30 20:10:26.956 I/CusWid/GirlUIController( 1523): onUpdateRamPercent percent is : 55
12-30 20:10:26.956 I/CusWid/GirlUIController( 1523): updateRamPercent,id 8
12-30 20:10:26.966 D/SpeedUpDataUtils( 1939):  pkgName is : com.bbk.launcher2 ; proName is : com.bbk.launcher2 ; appType is : 1
12-30 20:10:26.966 I/SpeedUpDataUtils( 1939): get Running launcher is : com.bbk.launcher2 ; process name is : com.bbk.launcher2
12-30 20:10:26.966 I/SpeedUpDataUtils( 1939): get underSpliteScreenMode is : false
12-30 20:10:26.976 D/SpeedUpDataUtils( 1939):  pkgName is : com.iflytek.inputmethod ; proName is : com.iflytek.inputmethod ; appType is : 2
12-30 20:10:26.976 I/SpeedUpDataUtils( 1939): default input method service pkgName :  com.iflytek.inputmethod/.FlyIME ; inputMethodPkgName string is : com.iflytek.inputmethod
12-30 20:10:26.996 D/SecureProvider( 1523): caller uid: 1000 context: com.iqoo.secure.AppFeature@25bb003e
12-30 20:10:26.996 I/SpeedUpDataUtils( 1939):  put running task pkg name is : com.android.dialer
12-30 20:10:26.996 I/SpeedUpDataUtils( 1939):  put running task pkg name is : com.android.incallui
12-30 20:10:27.006 I/SpeedUpDataUtils( 1939):  put running task pkg name is : com.android.mms
12-30 20:10:27.006 I/SpeedUpDataUtils( 1939):  put running task pkg name is : com.tencent.mm
12-30 20:10:27.016 I/SpeedUpDataUtils( 1939): add running service package name is : com.vivo.browser ; service name is : com.vivo.browser.ui.module.safe.BrowserSecureService
12-30 20:10:27.036 I/SpeedUpDataUtils( 1939): add running service package name is : com.bbk.cloud ; service name is : com.bbk.cloud.service.BackgroundBackUpService
12-30 20:10:27.096 I/SpeedUpDataUtils( 1939):  add pkg name is : com.tencent.mm, mIsVisible is : true, mTotalRunningAppsNumber is : 1
12-30 20:10:27.096 I/SpeedUpDataUtils( 1939):  add pkg name is : com.android.mms, mIsVisible is : true, mTotalRunningAppsNumber is : 2
12-30 20:10:27.096 I/SpeedUpDataUtils( 1939):  add pkg name is : com.android.incallui, mIsVisible is : true, mTotalRunningAppsNumber is : 3
12-30 20:10:27.096 I/SpeedUpDataUtils( 1939):  add pkg name is : com.android.dialer, mIsVisible is : true, mTotalRunningAppsNumber is : 4
12-30 20:10:27.096 I/SpeedUpDataUtils( 1939):  add pkg name is : com.bbk.calendar, mIsVisible is : false, mTotalRunningAppsNumber is : 4
12-30 20:10:27.096 I/SpeedUpDataUtils( 1939):  add pkg name is : com.android.providers.calendar, mIsVisible is : false, mTotalRunningAppsNumber is : 4
12-30 20:10:27.096 I/SpeedUpDataUtils( 1939):  add pkg name is : com.bbk.appstore, mIsVisible is : false, mTotalRunningAppsNumber is : 4
12-30 20:10:27.096 I/SpeedUpDataUtils( 1939):  add pkg name is : com.vivo.browser, mIsVisible is : true, mTotalRunningAppsNumber is : 5
12-30 20:10:27.096 I/SpeedUpDataUtils( 1939):  add pkg name is : com.vivo.cameraparamluma, mIsVisible is : false, mTotalRunningAppsNumber is : 5
12-30 20:10:27.096 I/SpeedUpDataUtils( 1939):  add pkg name is : com.android.notes, mIsVisible is : false, mTotalRunningAppsNumber is : 5
12-30 20:10:27.096 I/SpeedUpDataUtils( 1939):  add pkg name is : com.qualcomm.timeservice, mIsVisible is : false, mTotalRunningAppsNumber is : 5
12-30 20:10:27.096 I/SpeedUpDataUtils( 1939):  add pkg name is : com.vivo.weather.provider, mIsVisible is : false, mTotalRunningAppsNumber is : 5
12-30 20:10:27.096 I/SpeedUpDataUtils( 1939):  add pkg name is : com.android.BBKCrontab, mIsVisible is : false, mTotalRunningAppsNumber is : 5
12-30 20:10:27.096 I/SpeedUpDataUtils( 1939):  add pkg name is : com.bbk.cloud, mIsVisible is : true, mTotalRunningAppsNumber is : 6
12-30 20:10:27.096 I/SpeedUpDataUtils( 1939):  add pkg name is : com.volte.config, mIsVisible is : false, mTotalRunningAppsNumber is : 6
12-30 20:10:27.096 I/SpeedUpDataUtils( 1939):  add pkg name is : com.qualcomm.svi, mIsVisible is : false, mTotalRunningAppsNumber is : 6
12-30 20:10:27.096 I/SpeedUpDataUtils( 1939):  add pkg name is : com.qualcomm.cabl, mIsVisible is : false, mTotalRunningAppsNumber is : 6
12-30 20:10:27.096 I/SpeedUpDataUtils( 1939):  add pkg name is : com.iflytek.speechsuite, mIsVisible is : false, mTotalRunningAppsNumber is : 6
12-30 20:10:27.096 I/SpeedUpDataUtils( 1939):  add pkg name is : com.android.settings, mIsVisible is : false, mTotalRunningAppsNumber is : 6
12-30 20:10:27.106 W/ContextImpl( 1939): Calling a method in the system process without a qualified user: android.app.ContextImpl.sendBroadcast:1365 android.content.ContextWrapper.sendBroadcast:377 com.vivo.securedaemonservice.d.handleMessage:61 android.os.Handler.dispatchMessage:102 android.os.Looper.loop:135 
12-30 20:10:27.106 I/SpeedUpDataUtils( 1939):  add pkg name is : com.android.providers.settings, mIsVisible is : false, mTotalRunningAppsNumber is : 6
12-30 20:10:27.106 I/SpeedUpDataUtils( 1939):  add pkg name is : com.dsi.ant.server, mIsVisible is : false, mTotalRunningAppsNumber is : 6
12-30 20:10:27.106 D/GetBgAppsNumService( 1939): get bg apps number done sendBroadcastComplete !!!
12-30 20:10:27.106 D/GetBgAppsNumService( 1939): GetBgAppsNumService.onDestroy 
12-30 20:10:27.156 I/ServiceManager(28220): Waiting for service AtCmdFwd...
12-30 20:10:28.156 I/ServiceManager(28220): Waiting for service AtCmdFwd...
12-30 20:10:29.156 I/ServiceManager(28220): Waiting for service AtCmdFwd...
12-30 20:10:29.436 D/DataUsageService( 1523): NetSpeed  isMobileConnected BytesDelta: 0
12-30 20:10:30.156 I/ServiceManager(28220): Waiting for service AtCmdFwd...
12-30 20:10:31.156 I/ServiceManager(28220): Waiting for service AtCmdFwd...
12-30 20:10:32.156 W/Atfwd_Sendcmd(28220): AtCmdFwd service not published, waiting... retryCnt : 5
12-30 20:10:32.426 D/DataUsageService( 1523): NetSpeed  isMobileConnected BytesDelta: 0
12-30 20:10:32.956 I/CusWid/GirlUIController( 1523): ----------- message update loop -------------
12-30 20:10:32.956 I/CusWid/GirlUIController( 1523): *****************onLoop*****************
12-30 20:10:32.956 I/CusWid/ManagerWidget( 1523): requstScoreValues..from where: 4001
12-30 20:10:32.956 I/CusWid/ManagerWidget( 1523): getRunningAppNumber..
12-30 20:10:32.966 I/CusWid/ManagerWidget( 1523): init ram memory values
12-30 20:10:32.966 D/GetBgAppsNumService( 1939): GetBgAppsNumService.onCreate()
12-30 20:10:32.966 I/CusWid/GirlUIController( 1523): onUpdateRamPercent percent is : 55
12-30 20:10:32.966 I/CusWid/GirlUIController( 1523): updateRamPercent,id 8
12-30 20:10:32.966 D/GetBgAppsNumService( 1939): GetBgAppsNumService.onStartCommand 
12-30 20:10:32.966 I/GetBgAppsNumService( 1939): intent is : Intent { act=com.android.GET_BG_APPS_NUM pkg=com.vivo.securedaemonservice } ; mResourcePkg is : null ; mIncludeWhite is : false
12-30 20:10:32.966 I/GetBgAppsNumService( 1939): getBgRunningApps()[begin]
12-30 20:10:32.966 I/SpeedUpDataUtils( 1939): srcPkgName is : null ; includeWhiteList is : false
12-30 20:10:32.976 D/SpeedUpDataUtils( 1939):  pkgName is : com.bbk.launcher2 ; proName is : com.bbk.launcher2 ; appType is : 1
12-30 20:10:32.986 I/SpeedUpDataUtils( 1939): get Running launcher is : com.bbk.launcher2 ; process name is : com.bbk.launcher2
12-30 20:10:32.986 I/SpeedUpDataUtils( 1939): get underSpliteScreenMode is : false
12-30 20:10:32.986 D/SpeedUpDataUtils( 1939):  pkgName is : com.iflytek.inputmethod ; proName is : com.iflytek.inputmethod ; appType is : 2
12-30 20:10:32.986 I/SpeedUpDataUtils( 1939): default input method service pkgName :  com.iflytek.inputmethod/.FlyIME ; inputMethodPkgName string is : com.iflytek.inputmethod
12-30 20:10:32.996 D/SecureProvider( 1523): caller uid: 1000 context: com.iqoo.secure.AppFeature@25bb003e
12-30 20:10:33.006 I/SpeedUpDataUtils( 1939):  put running task pkg name is : com.android.dialer
12-30 20:10:33.006 I/SpeedUpDataUtils( 1939):  put running task pkg name is : com.android.incallui
12-30 20:10:33.006 I/SpeedUpDataUtils( 1939):  put running task pkg name is : com.android.mms
12-30 20:10:33.006 I/SpeedUpDataUtils( 1939):  put running task pkg name is : com.tencent.mm
12-30 20:10:33.016 I/SpeedUpDataUtils( 1939): add running service package name is : com.vivo.browser ; service name is : com.vivo.browser.ui.module.safe.BrowserSecureService
12-30 20:10:33.056 I/SpeedUpDataUtils( 1939): add running service package name is : com.bbk.cloud ; service name is : com.bbk.cloud.service.BackgroundBackUpService
12-30 20:10:33.086 I/SpeedUpDataUtils( 1939):  add pkg name is : com.tencent.mm, mIsVisible is : true, mTotalRunningAppsNumber is : 1
12-30 20:10:33.086 I/SpeedUpDataUtils( 1939):  add pkg name is : com.android.mms, mIsVisible is : true, mTotalRunningAppsNumber is : 2
12-30 20:10:33.086 I/SpeedUpDataUtils( 1939):  add pkg name is : com.android.incallui, mIsVisible is : true, mTotalRunningAppsNumber is : 3
12-30 20:10:33.086 I/SpeedUpDataUtils( 1939):  add pkg name is : com.android.dialer, mIsVisible is : true, mTotalRunningAppsNumber is : 4
12-30 20:10:33.086 I/SpeedUpDataUtils( 1939):  add pkg name is : com.bbk.calendar, mIsVisible is : false, mTotalRunningAppsNumber is : 4
12-30 20:10:33.086 I/SpeedUpDataUtils( 1939):  add pkg name is : com.android.providers.calendar, mIsVisible is : false, mTotalRunningAppsNumber is : 4
12-30 20:10:33.086 I/SpeedUpDataUtils( 1939):  add pkg name is : com.bbk.appstore, mIsVisible is : false, mTotalRunningAppsNumber is : 4
12-30 20:10:33.086 I/SpeedUpDataUtils( 1939):  add pkg name is : com.vivo.browser, mIsVisible is : true, mTotalRunningAppsNumber is : 5
12-30 20:10:33.086 I/SpeedUpDataUtils( 1939):  add pkg name is : com.vivo.cameraparamluma, mIsVisible is : false, mTotalRunningAppsNumber is : 5
12-30 20:10:33.086 I/SpeedUpDataUtils( 1939):  add pkg name is : com.android.notes, mIsVisible is : false, mTotalRunningAppsNumber is : 5
12-30 20:10:33.086 I/SpeedUpDataUtils( 1939):  add pkg name is : com.qualcomm.timeservice, mIsVisible is : false, mTotalRunningAppsNumber is : 5
12-30 20:10:33.086 I/SpeedUpDataUtils( 1939):  add pkg name is : com.vivo.weather.provider, mIsVisible is : false, mTotalRunningAppsNumber is : 5
12-30 20:10:33.086 I/SpeedUpDataUtils( 1939):  add pkg name is : com.android.BBKCrontab, mIsVisible is : false, mTotalRunningAppsNumber is : 5
12-30 20:10:33.086 I/SpeedUpDataUtils( 1939):  add pkg name is : com.bbk.cloud, mIsVisible is : true, mTotalRunningAppsNumber is : 6
12-30 20:10:33.086 I/SpeedUpDataUtils( 1939):  add pkg name is : com.volte.config, mIsVisible is : false, mTotalRunningAppsNumber is : 6
12-30 20:10:33.086 I/SpeedUpDataUtils( 1939):  add pkg name is : com.qualcomm.svi, mIsVisible is : false, mTotalRunningAppsNumber is : 6
12-30 20:10:33.086 I/SpeedUpDataUtils( 1939):  add pkg name is : com.qualcomm.cabl, mIsVisible is : false, mTotalRunningAppsNumber is : 6
12-30 20:10:33.096 W/ContextImpl( 1939): Calling a method in the system process without a qualified user: android.app.ContextImpl.sendBroadcast:1365 android.content.ContextWrapper.sendBroadcast:377 com.vivo.securedaemonservice.d.handleMessage:61 android.os.Handler.dispatchMessage:102 android.os.Looper.loop:135 
12-30 20:10:33.096 I/SpeedUpDataUtils( 1939):  add pkg name is : com.iflytek.speechsuite, mIsVisible is : false, mTotalRunningAppsNumber is : 6
12-30 20:10:33.096 I/SpeedUpDataUtils( 1939):  add pkg name is : com.android.settings, mIsVisible is : false, mTotalRunningAppsNumber is : 6
12-30 20:10:33.096 I/SpeedUpDataUtils( 1939):  add pkg name is : com.android.providers.settings, mIsVisible is : false, mTotalRunningAppsNumber is : 6
12-30 20:10:33.096 I/SpeedUpDataUtils( 1939):  add pkg name is : com.dsi.ant.server, mIsVisible is : false, mTotalRunningAppsNumber is : 6
12-30 20:10:33.096 D/GetBgAppsNumService( 1939): get bg apps number done sendBroadcastComplete !!!
12-30 20:10:33.096 D/GetBgAppsNumService( 1939): GetBgAppsNumService.onDestroy 
12-30 20:10:35.436 D/DataUsageService( 1523): NetSpeed  isMobileConnected BytesDelta: 0
12-30 20:10:38.436 D/DataUsageService( 1523): NetSpeed  isMobileConnected BytesDelta: 0
12-30 20:10:38.976 I/CusWid/GirlUIController( 1523): ----------- message update loop -------------
12-30 20:10:38.976 I/CusWid/GirlUIController( 1523): *****************onLoop*****************
12-30 20:10:38.976 I/CusWid/ManagerWidget( 1523): requstScoreValues..from where: 4001
12-30 20:10:38.976 I/CusWid/ManagerWidget( 1523): getRunningAppNumber..
12-30 20:10:38.986 D/GetBgAppsNumService( 1939): GetBgAppsNumService.onCreate()
12-30 20:10:38.986 I/CusWid/ManagerWidget( 1523): init ram memory values
12-30 20:10:38.986 D/GetBgAppsNumService( 1939): GetBgAppsNumService.onStartCommand 
